Archive member included to satisfy reference by file (symbol)

c:/program files (x86)/atmel/studio/7.0/toolchain/arm/arm-gnu-toolchain/bin/../lib/gcc/arm-none-eabi/6.3.1/../../../../arm-none-eabi/lib/thumb/v7e-m\libc.a(lib_a-exit.o)
                              c:/program files (x86)/atmel/studio/7.0/toolchain/arm/arm-gnu-toolchain/bin/../lib/gcc/arm-none-eabi/6.3.1/../../../../arm-none-eabi/lib/thumb/v7e-m/crt0.o (exit)
c:/program files (x86)/atmel/studio/7.0/toolchain/arm/arm-gnu-toolchain/bin/../lib/gcc/arm-none-eabi/6.3.1/../../../../arm-none-eabi/lib/thumb/v7e-m\libc.a(lib_a-impure.o)
                              c:/program files (x86)/atmel/studio/7.0/toolchain/arm/arm-gnu-toolchain/bin/../lib/gcc/arm-none-eabi/6.3.1/../../../../arm-none-eabi/lib/thumb/v7e-m\libc.a(lib_a-exit.o) (_global_impure_ptr)
c:/program files (x86)/atmel/studio/7.0/toolchain/arm/arm-gnu-toolchain/bin/../lib/gcc/arm-none-eabi/6.3.1/../../../../arm-none-eabi/lib/thumb/v7e-m\libc.a(lib_a-init.o)
                              c:/program files (x86)/atmel/studio/7.0/toolchain/arm/arm-gnu-toolchain/bin/../lib/gcc/arm-none-eabi/6.3.1/../../../../arm-none-eabi/lib/thumb/v7e-m/crt0.o (__libc_init_array)
c:/program files (x86)/atmel/studio/7.0/toolchain/arm/arm-gnu-toolchain/bin/../lib/gcc/arm-none-eabi/6.3.1/../../../../arm-none-eabi/lib/thumb/v7e-m\libc.a(lib_a-memcpy.o)
                              src/ASF/common/services/usb/class/cdc/device/udi_cdc.o (memcpy)
c:/program files (x86)/atmel/studio/7.0/toolchain/arm/arm-gnu-toolchain/bin/../lib/gcc/arm-none-eabi/6.3.1/../../../../arm-none-eabi/lib/thumb/v7e-m\libc.a(lib_a-memset.o)
                              c:/program files (x86)/atmel/studio/7.0/toolchain/arm/arm-gnu-toolchain/bin/../lib/gcc/arm-none-eabi/6.3.1/../../../../arm-none-eabi/lib/thumb/v7e-m/crt0.o (memset)
c:/program files (x86)/atmel/studio/7.0/toolchain/arm/arm-gnu-toolchain/bin/../lib/gcc/arm-none-eabi/6.3.1/../../../../arm-none-eabi/lib/thumb/v7e-m\libc.a(lib_a-__call_atexit.o)
                              c:/program files (x86)/atmel/studio/7.0/toolchain/arm/arm-gnu-toolchain/bin/../lib/gcc/arm-none-eabi/6.3.1/../../../../arm-none-eabi/lib/thumb/v7e-m\libc.a(lib_a-exit.o) (__call_exitprocs)
c:/program files (x86)/atmel/studio/7.0/toolchain/arm/arm-gnu-toolchain/bin/../lib/gcc/arm-none-eabi/6.3.1/../../../../arm-none-eabi/lib/thumb/v7e-m\libc.a(lib_a-atexit.o)
                              c:/program files (x86)/atmel/studio/7.0/toolchain/arm/arm-gnu-toolchain/bin/../lib/gcc/arm-none-eabi/6.3.1/../../../../arm-none-eabi/lib/thumb/v7e-m\libc.a(lib_a-__call_atexit.o) (atexit)
c:/program files (x86)/atmel/studio/7.0/toolchain/arm/arm-gnu-toolchain/bin/../lib/gcc/arm-none-eabi/6.3.1/../../../../arm-none-eabi/lib/thumb/v7e-m\libc.a(lib_a-fini.o)
                              c:/program files (x86)/atmel/studio/7.0/toolchain/arm/arm-gnu-toolchain/bin/../lib/gcc/arm-none-eabi/6.3.1/../../../../arm-none-eabi/lib/thumb/v7e-m\libc.a(lib_a-__call_atexit.o) (__libc_fini_array)
c:/program files (x86)/atmel/studio/7.0/toolchain/arm/arm-gnu-toolchain/bin/../lib/gcc/arm-none-eabi/6.3.1/../../../../arm-none-eabi/lib/thumb/v7e-m\libc.a(lib_a-lock.o)
                              c:/program files (x86)/atmel/studio/7.0/toolchain/arm/arm-gnu-toolchain/bin/../lib/gcc/arm-none-eabi/6.3.1/../../../../arm-none-eabi/lib/thumb/v7e-m\libc.a(lib_a-__call_atexit.o) (__retarget_lock_acquire_recursive)
c:/program files (x86)/atmel/studio/7.0/toolchain/arm/arm-gnu-toolchain/bin/../lib/gcc/arm-none-eabi/6.3.1/../../../../arm-none-eabi/lib/thumb/v7e-m\libc.a(lib_a-__atexit.o)
                              c:/program files (x86)/atmel/studio/7.0/toolchain/arm/arm-gnu-toolchain/bin/../lib/gcc/arm-none-eabi/6.3.1/../../../../arm-none-eabi/lib/thumb/v7e-m\libc.a(lib_a-atexit.o) (__register_exitproc)

Allocating common symbols
Common symbol       size              file

__lock___atexit_recursive_mutex
                    0x1               c:/program files (x86)/atmel/studio/7.0/toolchain/arm/arm-gnu-toolchain/bin/../lib/gcc/arm-none-eabi/6.3.1/../../../../arm-none-eabi/lib/thumb/v7e-m\libc.a(lib_a-lock.o)
__lock___arc4random_mutex
                    0x1               c:/program files (x86)/atmel/studio/7.0/toolchain/arm/arm-gnu-toolchain/bin/../lib/gcc/arm-none-eabi/6.3.1/../../../../arm-none-eabi/lib/thumb/v7e-m\libc.a(lib_a-lock.o)
ptr_get             0x4               src/ASF/common/utils/stdio/read.o
__lock___env_recursive_mutex
                    0x1               c:/program files (x86)/atmel/studio/7.0/toolchain/arm/arm-gnu-toolchain/bin/../lib/gcc/arm-none-eabi/6.3.1/../../../../arm-none-eabi/lib/thumb/v7e-m\libc.a(lib_a-lock.o)
__lock___sinit_recursive_mutex
                    0x1               c:/program files (x86)/atmel/studio/7.0/toolchain/arm/arm-gnu-toolchain/bin/../lib/gcc/arm-none-eabi/6.3.1/../../../../arm-none-eabi/lib/thumb/v7e-m\libc.a(lib_a-lock.o)
ptr_put             0x4               src/ASF/common/utils/stdio/write.o
[...]
Memory Configuration

Name             Origin             Length             Attributes
rom              0x00400000         0x00100000         xr
ram              0x20000000         0x00020000         xrw
*default*        0x00000000         0xffffffff

Linker script and memory map

LOAD c:/program files (x86)/atmel/studio/7.0/toolchain/arm/arm-gnu-toolchain/bin/../lib/gcc/arm-none-eabi/6.3.1/thumb/v7e-m/crti.o
LOAD c:/program files (x86)/atmel/studio/7.0/toolchain/arm/arm-gnu-toolchain/bin/../lib/gcc/arm-none-eabi/6.3.1/thumb/v7e-m/crtbegin.o
LOAD c:/program files (x86)/atmel/studio/7.0/toolchain/arm/arm-gnu-toolchain/bin/../lib/gcc/arm-none-eabi/6.3.1/../../../../arm-none-eabi/lib/thumb/v7e-m/crt0.o
LOAD src/ASF/common/services/sleepmgr/sam/sleepmgr.o
LOAD src/ASF/common/services/usb/class/cdc/device/udi_cdc.o
LOAD src/ASF/common/services/usb/udc/udc.o
LOAD src/ASF/common/utils/stdio/read.o
LOAD src/ASF/sam/drivers/pio/pio_handler.o
LOAD src/ASF/sam/drivers/udp/udp_device.o
LOAD src/ASF/sam/drivers/usart/usart.o
LOAD src/ASF/common/utils/stdio/write.o
LOAD src/ASF/common/services/usb/class/cdc/device/udi_cdc_desc.o
LOAD src/ASF/common/services/serial/usart_serial.o
LOAD src/ASF/sam/drivers/can/can.o
LOAD src/ASF/sam/drivers/matrix/matrix.o
LOAD src/ASF/sam/drivers/pio/pio.o
LOAD src/ASF/sam/drivers/uart/uart.o
LOAD src/ASF/common/services/clock/sam4e/sysclk.o
LOAD src/ASF/common/utils/interrupt/interrupt_sam_nvic.o
LOAD src/ASF/sam/boards/sam4e_xplained_pro/init.o
LOAD src/ASF/sam/drivers/pmc/pmc.o
LOAD src/ASF/sam/drivers/pmc/sleep.o
LOAD src/ASF/sam/utils/cmsis/sam4e/source/templates/exceptions.o
LOAD src/ASF/sam/utils/cmsis/sam4e/source/templates/gcc/startup_sam4e.o
LOAD src/ASF/sam/utils/cmsis/sam4e/source/templates/system_sam4e.o
LOAD src/ASF/sam/utils/syscalls/gcc/syscalls.o
LOAD src/main.o
START GROUP
LOAD ../src/ASF/thirdparty/CMSIS/Lib/GCC\libarm_cortexM4lf_math_softfp.a
LOAD c:/program files (x86)/atmel/studio/7.0/toolchain/arm/arm-gnu-toolchain/bin/../lib/gcc/arm-none-eabi/6.3.1/../../../../arm-none-eabi/lib/thumb/v7e-m\libm.a
END GROUP
START GROUP
LOAD c:/program files (x86)/atmel/studio/7.0/toolchain/arm/arm-gnu-toolchain/bin/../lib/gcc/arm-none-eabi/6.3.1/thumb/v7e-m\libgcc.a
LOAD c:/program files (x86)/atmel/studio/7.0/toolchain/arm/arm-gnu-toolchain/bin/../lib/gcc/arm-none-eabi/6.3.1/../../../../arm-none-eabi/lib/thumb/v7e-m\libc.a
END GROUP
LOAD c:/program files (x86)/atmel/studio/7.0/toolchain/arm/arm-gnu-toolchain/bin/../lib/gcc/arm-none-eabi/6.3.1/thumb/v7e-m/crtend.o
LOAD c:/program files (x86)/atmel/studio/7.0/toolchain/arm/arm-gnu-toolchain/bin/../lib/gcc/arm-none-eabi/6.3.1/thumb/v7e-m/crtn.o
                0x00003000                __stack_size__ = DEFINED (__stack_size__)?__stack_size__:0x3000
                0x2001fffc                __ram_end__ = ((ORIGIN (ram) + LENGTH (ram)) - 0x4)

.text           0x00400000     0x2638
                0x00400000                . = ALIGN (0x4)
                0x00400000                _sfixed = .
 *(.vectors .vectors.*)
 .vectors       0x00400000       0xf8 src/ASF/sam/utils/cmsis/sam4e/source/templates/gcc/startup_sam4e.o
                0x00400000                exception_table
 *(.text .text.* .gnu.linkonce.t.*)
 .text          0x004000f8       0x6c c:/program files (x86)/atmel/studio/7.0/toolchain/arm/arm-gnu-toolchain/bin/../lib/gcc/arm-none-eabi/6.3.1/thumb/v7e-m/crtbegin.o
 .text.udi_cdc_comm_enable
                0x00400164       0x4c src/ASF/common/services/usb/class/cdc/device/udi_cdc.o
                0x00400164                udi_cdc_comm_enable
 .text.udi_cdc_comm_disable
                0x004001b0       0x10 src/ASF/common/services/usb/class/cdc/device/udi_cdc.o
                0x004001b0                udi_cdc_comm_disable
 .text.udi_cdc_data_disable
                0x004001c0       0x1c src/ASF/common/services/usb/class/cdc/device/udi_cdc.o
                0x004001c0                udi_cdc_data_disable
 .text.udi_cdc_data_setup
                0x004001dc        0x4 src/ASF/common/services/usb/class/cdc/device/udi_cdc.o
                0x004001dc                udi_cdc_data_setup
 .text.udi_cdc_getsetting
                0x004001e0        0x4 src/ASF/common/services/usb/class/cdc/device/udi_cdc.o
                0x004001e0                udi_cdc_getsetting
 .text.udi_cdc_comm_setup
                0x004001e4       0x84 src/ASF/common/services/usb/class/cdc/device/udi_cdc.o
                0x004001e4                udi_cdc_comm_setup
 .text.udi_cdc_line_coding_received
                0x00400268        0x2 src/ASF/common/services/usb/class/cdc/device/udi_cdc.o
 *fill*         0x0040026a        0x2 
 .text.udi_cdc_tx_send
                0x0040026c      0x148 src/ASF/common/services/usb/class/cdc/device/udi_cdc.o
 .text.udi_cdc_data_sent
                0x004003b4       0x38 src/ASF/common/services/usb/class/cdc/device/udi_cdc.o
 .text.udi_cdc_data_sof_notify
                0x004003ec       0x10 src/ASF/common/services/usb/class/cdc/device/udi_cdc.o
                0x004003ec                udi_cdc_data_sof_notify
 .text.udi_cdc_multi_get_nb_received_data
                0x004003fc       0x54 src/ASF/common/services/usb/class/cdc/device/udi_cdc.o
                0x004003fc                udi_cdc_multi_get_nb_received_data
 .text.udi_cdc_multi_is_rx_ready
                0x00400450       0x14 src/ASF/common/services/usb/class/cdc/device/udi_cdc.o
                0x00400450                udi_cdc_multi_is_rx_ready
 .text.udi_cdc_rx_start
                0x00400464       0xb8 src/ASF/common/services/usb/class/cdc/device/udi_cdc.o
 .text.udi_cdc_data_enable
                0x0040051c       0x94 src/ASF/common/services/usb/class/cdc/device/udi_cdc.o
                0x0040051c                udi_cdc_data_enable
 .text.udi_cdc_data_received
                0x004005b0       0x5c src/ASF/common/services/usb/class/cdc/device/udi_cdc.o
 .text.udc_next_desc_in_iface
                0x0040060c       0x48 src/ASF/common/services/usb/udc/udc.o
 .text.udc_valid_address
                0x00400654       0x18 src/ASF/common/services/usb/udc/udc.o
 .text.udc_update_iface_desc
                0x0040066c       0x74 src/ASF/common/services/usb/udc/udc.o
 .text.udc_iface_disable
                0x004006e0       0x6c src/ASF/common/services/usb/udc/udc.o
 .text.udc_iface_enable
                0x0040074c       0x5c src/ASF/common/services/usb/udc/udc.o
 .text.udc_reset
                0x004007a8       0x48 src/ASF/common/services/usb/udc/udc.o
                0x004007a8                udc_reset
 .text.udc_sof_notify
                0x004007f0       0x40 src/ASF/common/services/usb/udc/udc.o
                0x004007f0                udc_sof_notify
 .text.udc_process_setup
                0x00400830      0x410 src/ASF/common/services/usb/udc/udc.o
                0x00400830                udc_process_setup
 .text.pio_handler_process
                0x00400c40       0x68 src/ASF/sam/drivers/pio/pio_handler.o
                0x00400c40                pio_handler_process
 .text.PIOA_Handler
                0x00400ca8       0x14 src/ASF/sam/drivers/pio/pio_handler.o
                0x00400ca8                PIOA_Handler
 .text.PIOB_Handler
                0x00400cbc       0x14 src/ASF/sam/drivers/pio/pio_handler.o
                0x00400cbc                PIOB_Handler
 .text.PIOC_Handler
                0x00400cd0       0x14 src/ASF/sam/drivers/pio/pio_handler.o
                0x00400cd0                PIOC_Handler
 .text.PIOD_Handler
                0x00400ce4       0x14 src/ASF/sam/drivers/pio/pio_handler.o
                0x00400ce4                PIOD_Handler
 .text.PIOE_Handler
                0x00400cf8       0x14 src/ASF/sam/drivers/pio/pio_handler.o
                0x00400cf8                PIOE_Handler
 .text.udd_sleep_mode
                0x00400d0c       0xa4 src/ASF/sam/drivers/udp/udp_device.o
 .text.udd_ctrl_init
                0x00400db0       0x18 src/ASF/sam/drivers/udp/udp_device.o
 .text.udd_ctrl_stall_data
                0x00400dc8       0x38 src/ASF/sam/drivers/udp/udp_device.o
 .text.udd_ctrl_send_zlp_in
                0x00400e00       0x38 src/ASF/sam/drivers/udp/udp_device.o
 .text.udd_ctrl_endofrequest
                0x00400e38       0x10 src/ASF/sam/drivers/udp/udp_device.o
 .text.udd_ctrl_in_sent
                0x00400e48      0x1b8 src/ASF/sam/drivers/udp/udp_device.o
 .text.udd_ep_finish_job
                0x00401000       0x40 src/ASF/sam/drivers/udp/udp_device.o
 .text.udd_ep_ack_out_received
                0x00401040       0xd4 src/ASF/sam/drivers/udp/udp_device.o
 .text.udd_ep_in_sent
                0x00401114      0x1b4 src/ASF/sam/drivers/udp/udp_device.o
 .text.UDP_Handler
                0x004012c8      0x908 src/ASF/sam/drivers/udp/udp_device.o
                0x004012c8                UDP_Handler
 .text.udd_is_high_speed
                0x00401bd0        0x4 src/ASF/sam/drivers/udp/udp_device.o
                0x00401bd0                udd_is_high_speed
 .text.udd_set_address
                0x00401bd4       0x3c src/ASF/sam/drivers/udp/udp_device.o
                0x00401bd4                udd_set_address
 .text.udd_getaddress
                0x00401c10       0x1c src/ASF/sam/drivers/udp/udp_device.o
                0x00401c10                udd_getaddress
 .text.udd_get_frame_number
                0x00401c2c       0x10 src/ASF/sam/drivers/udp/udp_device.o
                0x00401c2c                udd_get_frame_number
 .text.udd_get_micro_frame_number
                0x00401c3c        0x4 src/ASF/sam/drivers/udp/udp_device.o
                0x00401c3c                udd_get_micro_frame_number
 .text.udd_set_setup_payload
                0x00401c40        0xc src/ASF/sam/drivers/udp/udp_device.o
                0x00401c40                udd_set_setup_payload
 .text.udd_ep_alloc
                0x00401c4c       0xf8 src/ASF/sam/drivers/udp/udp_device.o
                0x00401c4c                udd_ep_alloc
 .text.udd_ep_free
                0x00401d44       0x58 src/ASF/sam/drivers/udp/udp_device.o
                0x00401d44                udd_ep_free
 .text.udd_ep_is_halted
                0x00401d9c       0x40 src/ASF/sam/drivers/udp/udp_device.o
                0x00401d9c                udd_ep_is_halted
 .text.udd_ep_set_halt
                0x00401ddc       0xe4 src/ASF/sam/drivers/udp/udp_device.o
                0x00401ddc                udd_ep_set_halt
 .text.udd_ep_clear_halt
                0x00401ec0       0xd8 src/ASF/sam/drivers/udp/udp_device.o
                0x00401ec0                udd_ep_clear_halt
 .text.udd_ep_run
                0x00401f98      0x17c src/ASF/sam/drivers/udp/udp_device.o
                0x00401f98                udd_ep_run
 .text.udd_ep_abort
                0x00402114      0x164 src/ASF/sam/drivers/udp/udp_device.o
                0x00402114                udd_ep_abort
 .text.pio_get_interrupt_status
                0x00402278        0x4 src/ASF/sam/drivers/pio/pio.o
                0x00402278                pio_get_interrupt_status
 .text.pio_get_interrupt_mask
                0x0040227c        0x4 src/ASF/sam/drivers/pio/pio.o
                0x0040227c                pio_get_interrupt_mask
 .text.board_init
                0x00402280       0x74 src/ASF/sam/boards/sam4e_xplained_pro/init.o
                0x00402280                board_init
 .text.pmc_enable_periph_clk
                0x004022f4       0x54 src/ASF/sam/drivers/pmc/pmc.o
                0x004022f4                pmc_enable_periph_clk
 .text.pmc_disable_periph_clk
                0x00402348       0x54 src/ASF/sam/drivers/pmc/pmc.o
                0x00402348                pmc_disable_periph_clk
 .text.pmc_is_wakeup_clocks_restored
                0x0040239c       0x10 src/ASF/sam/drivers/pmc/sleep.o
                0x0040239c                pmc_is_wakeup_clocks_restored
 .text.Dummy_Handler
                0x004023ac        0x2 src/ASF/sam/utils/cmsis/sam4e/source/templates/exceptions.o
                0x004023ac                DACC_Handler
                0x004023ac                DebugMon_Handler
                0x004023ac                DMAC_Handler
                0x004023ac                HardFault_Handler
                0x004023ac                TC2_Handler
                0x004023ac                SPI_Handler
                0x004023ac                SysTick_Handler
                0x004023ac                TWI1_Handler
                0x004023ac                AFEC1_Handler
                0x004023ac                PendSV_Handler
                0x004023ac                NMI_Handler
                0x004023ac                TC7_Handler
                0x004023ac                SMC_Handler
                0x004023ac                USART0_Handler
                0x004023ac                RTT_Handler
                0x004023ac                RTC_Handler
                0x004023ac                UsageFault_Handler
                0x004023ac                TC6_Handler
                0x004023ac                WDT_Handler
                0x004023ac                CAN0_Handler
                0x004023ac                TC4_Handler
                0x004023ac                TC1_Handler
                0x004023ac                HSMCI_Handler
                0x004023ac                UART1_Handler
                0x004023ac                TC3_Handler
                0x004023ac                ARM_Handler
                0x004023ac                Dummy_Handler
                0x004023ac                TWI0_Handler
                0x004023ac                USART1_Handler
                0x004023ac                AFEC0_Handler
                0x004023ac                ACC_Handler
                0x004023ac                PMC_Handler
                0x004023ac                PWM_Handler
                0x004023ac                GMAC_Handler
                0x004023ac                CAN1_Handler
                0x004023ac                MemManage_Handler
                0x004023ac                SUPC_Handler
                0x004023ac                SVC_Handler
                0x004023ac                TC8_Handler
                0x004023ac                EFC_Handler
                0x004023ac                UART0_Handler
                0x004023ac                BusFault_Handler
                0x004023ac                RSTC_Handler
                0x004023ac                TC0_Handler
                0x004023ac                TC5_Handler
                0x004023ac                AES_Handler
 *fill*         0x004023ae        0x2 
 .text.Reset_Handler
                0x004023b0       0xc8 src/ASF/sam/utils/cmsis/sam4e/source/templates/gcc/startup_sam4e.o
                0x004023b0                Reset_Handler
 .text.main     0x00402478       0x28 src/main.o
                0x00402478                main
 .text.__libc_init_array
                0x004024a0       0x50 c:/program files (x86)/atmel/studio/7.0/toolchain/arm/arm-gnu-toolchain/bin/../lib/gcc/arm-none-eabi/6.3.1/../../../../arm-none-eabi/lib/thumb/v7e-m\libc.a(lib_a-init.o)
                0x004024a0                __libc_init_array
 .text.startup.register_fini
                0x004024f0       0x14 c:/program files (x86)/atmel/studio/7.0/toolchain/arm/arm-gnu-toolchain/bin/../lib/gcc/arm-none-eabi/6.3.1/../../../../arm-none-eabi/lib/thumb/v7e-m\libc.a(lib_a-__call_atexit.o)
 .text.atexit   0x00402504        0xc c:/program files (x86)/atmel/studio/7.0/toolchain/arm/arm-gnu-toolchain/bin/../lib/gcc/arm-none-eabi/6.3.1/../../../../arm-none-eabi/lib/thumb/v7e-m\libc.a(lib_a-atexit.o)
                0x00402504                atexit
 .text.__libc_fini_array
                0x00402510       0x34 c:/program files (x86)/atmel/studio/7.0/toolchain/arm/arm-gnu-toolchain/bin/../lib/gcc/arm-none-eabi/6.3.1/../../../../arm-none-eabi/lib/thumb/v7e-m\libc.a(lib_a-fini.o)
                0x00402510                __libc_fini_array
 .text.__retarget_lock_acquire_recursive
                0x00402544        0x4 c:/program files (x86)/atmel/studio/7.0/toolchain/arm/arm-gnu-toolchain/bin/../lib/gcc/arm-none-eabi/6.3.1/../../../../arm-none-eabi/lib/thumb/v7e-m\libc.a(lib_a-lock.o)
                0x00402544                __retarget_lock_acquire_recursive
 .text.__retarget_lock_release_recursive
                0x00402548        0x4 c:/program files (x86)/atmel/studio/7.0/toolchain/arm/arm-gnu-toolchain/bin/../lib/gcc/arm-none-eabi/6.3.1/../../../../arm-none-eabi/lib/thumb/v7e-m\libc.a(lib_a-lock.o)
                0x00402548                __retarget_lock_release_recursive
 .text.__register_exitproc
                0x0040254c       0xc4 c:/program files (x86)/atmel/studio/7.0/toolchain/arm/arm-gnu-toolchain/bin/../lib/gcc/arm-none-eabi/6.3.1/../../../../arm-none-eabi/lib/thumb/v7e-m\libc.a(lib_a-__atexit.o)
                0x0040254c                __register_exitproc
 *(.glue_7t)
 .glue_7t       0x00402610        0x0 linker stubs
 *(.glue_7)
 .glue_7        0x00402610        0x0 linker stubs
 *(.rodata .rodata* .gnu.linkonce.r.*)
 .rodata._global_impure_ptr
                0x00402610        0x4 c:/program files (x86)/atmel/studio/7.0/toolchain/arm/arm-gnu-toolchain/bin/../lib/gcc/arm-none-eabi/6.3.1/../../../../arm-none-eabi/lib/thumb/v7e-m\libc.a(lib_a-impure.o)
                0x00402610                _global_impure_ptr
 *(.ARM.extab* .gnu.linkonce.armextab.*)
                0x00402614                . = ALIGN (0x4)
 *(.init)
 .init          0x00402614        0x4 c:/program files (x86)/atmel/studio/7.0/toolchain/arm/arm-gnu-toolchain/bin/../lib/gcc/arm-none-eabi/6.3.1/thumb/v7e-m/crti.o
                0x00402614                _init
 .init          0x00402618        0x8 c:/program files (x86)/atmel/studio/7.0/toolchain/arm/arm-gnu-toolchain/bin/../lib/gcc/arm-none-eabi/6.3.1/thumb/v7e-m/crtn.o
                0x00402620                . = ALIGN (0x4)
                0x00402620                __preinit_array_start = .
 *(.preinit_array)
                0x00402620                __preinit_array_end = .
                0x00402620                . = ALIGN (0x4)
                0x00402620                __init_array_start = .
 *(SORT(.init_array.*))
 .init_array.00000
                0x00402620        0x4 c:/program files (x86)/atmel/studio/7.0/toolchain/arm/arm-gnu-toolchain/bin/../lib/gcc/arm-none-eabi/6.3.1/../../../../arm-none-eabi/lib/thumb/v7e-m\libc.a(lib_a-__call_atexit.o)
 *(.init_array)
 .init_array    0x00402624        0x4 c:/program files (x86)/atmel/studio/7.0/toolchain/arm/arm-gnu-toolchain/bin/../lib/gcc/arm-none-eabi/6.3.1/thumb/v7e-m/crtbegin.o
                0x00402628                __init_array_end = .
                0x00402628                . = ALIGN (0x4)
 *crtbegin.o(.ctors)
 *(EXCLUDE_FILE(*crtend.o) .ctors)
 *(SORT(.ctors.*))
 *crtend.o(.ctors)
                0x00402628                . = ALIGN (0x4)
 *(.fini)
 .fini          0x00402628        0x4 c:/program files (x86)/atmel/studio/7.0/toolchain/arm/arm-gnu-toolchain/bin/../lib/gcc/arm-none-eabi/6.3.1/thumb/v7e-m/crti.o
                0x00402628                _fini
 .fini          0x0040262c        0x8 c:/program files (x86)/atmel/studio/7.0/toolchain/arm/arm-gnu-toolchain/bin/../lib/gcc/arm-none-eabi/6.3.1/thumb/v7e-m/crtn.o
                0x00402634                . = ALIGN (0x4)
                0x00402634                __fini_array_start = .
 *(.fini_array)
 .fini_array    0x00402634        0x4 c:/program files (x86)/atmel/studio/7.0/toolchain/arm/arm-gnu-toolchain/bin/../lib/gcc/arm-none-eabi/6.3.1/thumb/v7e-m/crtbegin.o
 *(SORT(.fini_array.*))
                0x00402638                __fini_array_end = .
 *crtbegin.o(.dtors)
 *(EXCLUDE_FILE(*crtend.o) .dtors)
 *(SORT(.dtors.*))
 *crtend.o(.dtors)
                0x00402638                . = ALIGN (0x4)
                0x00402638                _efixed = .
                [!provide]                PROVIDE (__exidx_start, .)

.vfp11_veneer   0x00402638        0x0
 .vfp11_veneer  0x00402638        0x0 linker stubs

.v4_bx          0x00402638        0x0
 .v4_bx         0x00402638        0x0 linker stubs

.iplt           0x00402638        0x0
 .iplt          0x00402638        0x0 c:/program files (x86)/atmel/studio/7.0/toolchain/arm/arm-gnu-toolchain/bin/../lib/gcc/arm-none-eabi/6.3.1/thumb/v7e-m/crtbegin.o

.eh_frame       0x00402638        0x0
 .eh_frame      0x00402638        0x0 c:/program files (x86)/atmel/studio/7.0/toolchain/arm/arm-gnu-toolchain/bin/../lib/gcc/arm-none-eabi/6.3.1/thumb/v7e-m/crtbegin.o

.rel.dyn        0x00402638        0x0
 .rel.iplt      0x00402638        0x0 c:/program files (x86)/atmel/studio/7.0/toolchain/arm/arm-gnu-toolchain/bin/../lib/gcc/arm-none-eabi/6.3.1/thumb/v7e-m/crtbegin.o

.jcr            0x00402638        0x0
 .jcr           0x00402638        0x0 c:/program files (x86)/atmel/studio/7.0/toolchain/arm/arm-gnu-toolchain/bin/../lib/gcc/arm-none-eabi/6.3.1/thumb/v7e-m/crtbegin.o

.igot.plt       0x00402638        0x0
 .igot.plt      0x00402638        0x0 c:/program files (x86)/atmel/studio/7.0/toolchain/arm/arm-gnu-toolchain/bin/../lib/gcc/arm-none-eabi/6.3.1/thumb/v7e-m/crtbegin.o

.ARM.exidx
 *(.ARM.exidx* .gnu.linkonce.armexidx.*)
                [!provide]                PROVIDE (__exidx_end, .)
                0x00402638                . = ALIGN (0x4)
                0x00402638                _etext = .

.relocate       0x20000000      0x4d4 load address 0x00402638
                0x20000000                . = ALIGN (0x4)
                0x20000000                _srelocate = .
 *(.ramfunc .ramfunc.*)
 *(.data .data.*)
 .data.udi_api_cdc_comm
                0x20000000       0x14 src/ASF/common/services/usb/class/cdc/device/udi_cdc.o
                0x20000000                udi_api_cdc_comm
 .data.udi_api_cdc_data
                0x20000014       0x14 src/ASF/common/services/usb/class/cdc/device/udi_cdc.o
                0x20000014                udi_api_cdc_data
 .data.udc_string_desc_languageid
                0x20000028        0x4 src/ASF/common/services/usb/udc/udc.o
 .data.udc_config
                0x2000002c        0xc src/ASF/common/services/usb/class/cdc/device/udi_cdc_desc.o
                0x2000002c                udc_config
 .data.udc_config_fs
                0x20000038        0x8 src/ASF/common/services/usb/class/cdc/device/udi_cdc_desc.o
                0x20000038                udc_config_fs
 .data.udc_desc_fs
                0x20000040       0x43 src/ASF/common/services/usb/class/cdc/device/udi_cdc_desc.o
                0x20000040                udc_desc_fs
 *fill*         0x20000083        0x1 
 .data.udc_device_desc
                0x20000084       0x12 src/ASF/common/services/usb/class/cdc/device/udi_cdc_desc.o
                0x20000084                udc_device_desc
 *fill*         0x20000096        0x2 
 .data.udi_apis
                0x20000098        0x8 src/ASF/common/services/usb/class/cdc/device/udi_cdc_desc.o
                0x20000098                udi_apis
 .data.g_interrupt_enabled
                0x200000a0        0x1 src/ASF/common/utils/interrupt/interrupt_sam_nvic.o
                0x200000a0                g_interrupt_enabled
 *fill*         0x200000a1        0x7 
 .data.impure_data
                0x200000a8      0x428 c:/program files (x86)/atmel/studio/7.0/toolchain/arm/arm-gnu-toolchain/bin/../lib/gcc/arm-none-eabi/6.3.1/../../../../arm-none-eabi/lib/thumb/v7e-m\libc.a(lib_a-impure.o)
 .data.__atexit_recursive_mutex
                0x200004d0        0x4 c:/program files (x86)/atmel/studio/7.0/toolchain/arm/arm-gnu-toolchain/bin/../lib/gcc/arm-none-eabi/6.3.1/../../../../arm-none-eabi/lib/thumb/v7e-m\libc.a(lib_a-__call_atexit.o)
                0x200004d0                __atexit_recursive_mutex
                0x200004d4                . = ALIGN (0x4)
                0x200004d4                _erelocate = .

.bss            0x200004d4      0x278 load address 0x00402b0c
                0x200004d4                . = ALIGN (0x4)
                0x200004d4                _sbss = .
                0x200004d4                _szero = .
 *(.bss .bss.*)
 .bss           0x200004d4       0x1c c:/program files (x86)/atmel/studio/7.0/toolchain/arm/arm-gnu-toolchain/bin/../lib/gcc/arm-none-eabi/6.3.1/thumb/v7e-m/crtbegin.o
 .bss.sof_zlp_counter.9450
                0x200004f0        0x2 src/ASF/common/services/usb/class/cdc/device/udi_cdc.o
 .bss.udi_cdc_data_running
                0x200004f2        0x1 src/ASF/common/services/usb/class/cdc/device/udi_cdc.o
 *fill*         0x200004f3        0x1 
 .bss.udi_cdc_line_coding
                0x200004f4        0x7 src/ASF/common/services/usb/class/cdc/device/udi_cdc.o
 .bss.udi_cdc_nb_comm_enabled
                0x200004fb        0x1 src/ASF/common/services/usb/class/cdc/device/udi_cdc.o
 .bss.udi_cdc_nb_data_enabled
                0x200004fc        0x1 src/ASF/common/services/usb/class/cdc/device/udi_cdc.o
 *fill*         0x200004fd        0x3 
 .bss.udi_cdc_rx_buf
                0x20000500       0x80 src/ASF/common/services/usb/class/cdc/device/udi_cdc.o
 .bss.udi_cdc_rx_buf_nb
                0x20000580        0x4 src/ASF/common/services/usb/class/cdc/device/udi_cdc.o
 .bss.udi_cdc_rx_buf_sel
                0x20000584        0x1 src/ASF/common/services/usb/class/cdc/device/udi_cdc.o
 *fill*         0x20000585        0x3 
 .bss.udi_cdc_rx_pos
                0x20000588        0x2 src/ASF/common/services/usb/class/cdc/device/udi_cdc.o
 *fill*         0x2000058a        0x2 
 .bss.udi_cdc_rx_trans_ongoing
                0x2000058c        0x1 src/ASF/common/services/usb/class/cdc/device/udi_cdc.o
 *fill*         0x2000058d        0x3 
 .bss.udi_cdc_state
                0x20000590        0x2 src/ASF/common/services/usb/class/cdc/device/udi_cdc.o
 *fill*         0x20000592        0x2 
 .bss.udi_cdc_tx_both_buf_to_send
                0x20000594        0x1 src/ASF/common/services/usb/class/cdc/device/udi_cdc.o
 *fill*         0x20000595        0x3 
 .bss.udi_cdc_tx_buf
                0x20000598       0x80 src/ASF/common/services/usb/class/cdc/device/udi_cdc.o
 .bss.udi_cdc_tx_buf_nb
                0x20000618        0x4 src/ASF/common/services/usb/class/cdc/device/udi_cdc.o
 .bss.udi_cdc_tx_buf_sel
                0x2000061c        0x1 src/ASF/common/services/usb/class/cdc/device/udi_cdc.o
 *fill*         0x2000061d        0x3 
 .bss.udi_cdc_tx_sof_num
                0x20000620        0x2 src/ASF/common/services/usb/class/cdc/device/udi_cdc.o
 *fill*         0x20000622        0x2 
 .bss.udi_cdc_tx_trans_ongoing
                0x20000624        0x1 src/ASF/common/services/usb/class/cdc/device/udi_cdc.o
 *fill*         0x20000625        0x3 
 .bss.uid_cdc_state_msg
                0x20000628        0xa src/ASF/common/services/usb/class/cdc/device/udi_cdc.o
 .bss.udc_device_status
                0x20000632        0x2 src/ASF/common/services/usb/udc/udc.o
 .bss.udc_ep_status.9091
                0x20000634        0x2 src/ASF/common/services/usb/udc/udc.o
 *fill*         0x20000636        0x2 
 .bss.udc_iface_setting
                0x20000638        0x1 src/ASF/common/services/usb/udc/udc.o
 *fill*         0x20000639        0x3 
 .bss.udc_num_configuration
                0x2000063c        0x1 src/ASF/common/services/usb/udc/udc.o
 *fill*         0x2000063d        0x3 
 .bss.udc_ptr_conf
                0x20000640        0x4 src/ASF/common/services/usb/udc/udc.o
 .bss.udc_ptr_iface
                0x20000644        0x4 src/ASF/common/services/usb/udc/udc.o
 .bss.gs_interrupt_sources
                0x20000648       0x70 src/ASF/sam/drivers/pio/pio_handler.o
 .bss.pio_capture_handler
                0x200006b8        0x4 src/ASF/sam/drivers/pio/pio_handler.o
 .bss.b_shortpacket.10144
                0x200006bc        0x1 src/ASF/sam/drivers/udp/udp_device.o
 .bss.udd_b_idle
                0x200006bd        0x1 src/ASF/sam/drivers/udp/udp_device.o
 .bss.udd_ctrl_payload_nb_trans
                0x200006be        0x2 src/ASF/sam/drivers/udp/udp_device.o
 .bss.udd_ctrl_prev_payload_nb_trans
                0x200006c0        0x2 src/ASF/sam/drivers/udp/udp_device.o
 .bss.udd_ep_control_state
                0x200006c2        0x1 src/ASF/sam/drivers/udp/udp_device.o
 *fill*         0x200006c3        0x1 
 .bss.udd_ep_job
                0x200006c4       0x3c src/ASF/sam/drivers/udp/udp_device.o
 .bss.b_is_sleep_clock_used
                0x20000700        0x1 src/ASF/sam/drivers/pmc/sleep.o
 *(COMMON)
 *fill*         0x20000701        0x3 
 COMMON         0x20000704        0x6 src/ASF/common/services/sleepmgr/sam/sleepmgr.o
                0x20000704                sleepmgr_locks
 *fill*         0x2000070a        0x2 
 COMMON         0x2000070c       0x18 src/ASF/sam/drivers/udp/udp_device.o
                0x2000070c                udd_g_ctrlreq
 COMMON         0x20000724        0x4 src/ASF/sam/drivers/pio/pio.o
                0x20000724                pio_capture_enable_flag
 COMMON         0x20000728       0x21 c:/program files (x86)/atmel/studio/7.0/toolchain/arm/arm-gnu-toolchain/bin/../lib/gcc/arm-none-eabi/6.3.1/../../../../arm-none-eabi/lib/thumb/v7e-m\libc.a(lib_a-lock.o)
                0x20000728                __lock___atexit_recursive_mutex
                0x2000072c                __lock___arc4random_mutex
                0x20000730                __lock___env_recursive_mutex
                0x20000734                __lock___sinit_recursive_mutex
                0x20000738                __lock___malloc_recursive_mutex
                0x2000073c                __lock___at_quick_exit_mutex
                0x20000740                __lock___dd_hash_mutex
                0x20000744                __lock___tz_mutex
                0x20000748                __lock___sfp_recursive_mutex
                0x2000074c                . = ALIGN (0x4)
 *fill*         0x20000749        0x3 
                0x2000074c                _ebss = .
                0x2000074c                _ezero = .

.stack          0x2000074c     0x3004 load address 0x00402d84
                0x20000750                . = ALIGN (0x8)
 *fill*         0x2000074c        0x4 
                0x20000750                _sstack = .
                0x20003750                . = (. + __stack_size__)
 *fill*         0x20000750     0x3000 
                0x20003750                . = ALIGN (0x8)
                0x20003750                _estack = .
                0x20003750                . = ALIGN (0x4)
                0x20003750                _end = .
OUTPUT(fresh.elf elf32-littlearm)

.ARM.attributes
                0x00000000       0x2e
 .ARM.attributes
                0x00000000       0x1e c:/program files (x86)/atmel/studio/7.0/toolchain/arm/arm-gnu-toolchain/bin/../lib/gcc/arm-none-eabi/6.3.1/thumb/v7e-m/crti.o
 .ARM.attributes
                0x0000001e       0x2e c:/program files (x86)/atmel/studio/7.0/toolchain/arm/arm-gnu-toolchain/bin/../lib/gcc/arm-none-eabi/6.3.1/thumb/v7e-m/crtbegin.o
 .ARM.attributes
                0x0000004c       0x37 src/ASF/common/services/sleepmgr/sam/sleepmgr.o
 .ARM.attributes
                0x00000083       0x37 src/ASF/common/services/usb/class/cdc/device/udi_cdc.o
 .ARM.attributes
                0x000000ba       0x37 src/ASF/common/services/usb/udc/udc.o
 .ARM.attributes
                0x000000f1       0x37 src/ASF/sam/drivers/pio/pio_handler.o
 .ARM.attributes
                0x00000128       0x37 src/ASF/sam/drivers/udp/udp_device.o
 .ARM.attributes
                0x0000015f       0x37 src/ASF/common/services/usb/class/cdc/device/udi_cdc_desc.o
 .ARM.attributes
                0x00000196       0x37 src/ASF/sam/drivers/pio/pio.o
 .ARM.attributes
                0x000001cd       0x37 src/ASF/common/utils/interrupt/interrupt_sam_nvic.o
 .ARM.attributes
                0x00000204       0x37 src/ASF/sam/boards/sam4e_xplained_pro/init.o
 .ARM.attributes
                0x0000023b       0x37 src/ASF/sam/drivers/pmc/pmc.o
 .ARM.attributes
                0x00000272       0x37 src/ASF/sam/drivers/pmc/sleep.o
 .ARM.attributes
                0x000002a9       0x37 src/ASF/sam/utils/cmsis/sam4e/source/templates/exceptions.o
 .ARM.attributes
                0x000002e0       0x37 src/ASF/sam/utils/cmsis/sam4e/source/templates/gcc/startup_sam4e.o
 .ARM.attributes
                0x00000317       0x37 src/main.o
 .ARM.attributes
                0x0000034e       0x2e c:/program files (x86)/atmel/studio/7.0/toolchain/arm/arm-gnu-toolchain/bin/../lib/gcc/arm-none-eabi/6.3.1/../../../../arm-none-eabi/lib/thumb/v7e-m\libc.a(lib_a-impure.o)
 .ARM.attributes
                0x0000037c       0x2e c:/program files (x86)/atmel/studio/7.0/toolchain/arm/arm-gnu-toolchain/bin/../lib/gcc/arm-none-eabi/6.3.1/../../../../arm-none-eabi/lib/thumb/v7e-m\libc.a(lib_a-init.o)
 .ARM.attributes
                0x000003aa       0x2e c:/program files (x86)/atmel/studio/7.0/toolchain/arm/arm-gnu-toolchain/bin/../lib/gcc/arm-none-eabi/6.3.1/../../../../arm-none-eabi/lib/thumb/v7e-m\libc.a(lib_a-__call_atexit.o)
 .ARM.attributes
                0x000003d8       0x2e c:/program files (x86)/atmel/studio/7.0/toolchain/arm/arm-gnu-toolchain/bin/../lib/gcc/arm-none-eabi/6.3.1/../../../../arm-none-eabi/lib/thumb/v7e-m\libc.a(lib_a-atexit.o)
 .ARM.attributes
                0x00000406       0x2e c:/program files (x86)/atmel/studio/7.0/toolchain/arm/arm-gnu-toolchain/bin/../lib/gcc/arm-none-eabi/6.3.1/../../../../arm-none-eabi/lib/thumb/v7e-m\libc.a(lib_a-fini.o)
 .ARM.attributes
                0x00000434       0x2e c:/program files (x86)/atmel/studio/7.0/toolchain/arm/arm-gnu-toolchain/bin/../lib/gcc/arm-none-eabi/6.3.1/../../../../arm-none-eabi/lib/thumb/v7e-m\libc.a(lib_a-lock.o)
 .ARM.attributes
                0x00000462       0x2e c:/program files (x86)/atmel/studio/7.0/toolchain/arm/arm-gnu-toolchain/bin/../lib/gcc/arm-none-eabi/6.3.1/../../../../arm-none-eabi/lib/thumb/v7e-m\libc.a(lib_a-__atexit.o)
 .ARM.attributes
                0x00000490       0x1e c:/program files (x86)/atmel/studio/7.0/toolchain/arm/arm-gnu-toolchain/bin/../lib/gcc/arm-none-eabi/6.3.1/thumb/v7e-m/crtn.o

.comment        0x00000000       0x59
 .comment       0x00000000       0x59 src/ASF/common/services/sleepmgr/sam/sleepmgr.o
                                 0x5a (size before relaxing)
 .comment       0x00000059       0x5a src/ASF/common/services/usb/class/cdc/device/udi_cdc.o
 .comment       0x00000059       0x5a src/ASF/common/services/usb/udc/udc.o
 .comment       0x00000059       0x5a src/ASF/sam/drivers/pio/pio_handler.o
 .comment       0x00000059       0x5a src/ASF/sam/drivers/udp/udp_device.o
 .comment       0x00000059       0x5a src/ASF/common/services/usb/class/cdc/device/udi_cdc_desc.o
 .comment       0x00000059       0x5a src/ASF/sam/drivers/pio/pio.o
 .comment       0x00000059       0x5a src/ASF/common/utils/interrupt/interrupt_sam_nvic.o
 .comment       0x00000059       0x5a src/ASF/sam/boards/sam4e_xplained_pro/init.o
 .comment       0x00000059       0x5a src/ASF/sam/drivers/pmc/pmc.o
 .comment       0x00000059       0x5a src/ASF/sam/drivers/pmc/sleep.o
 .comment       0x00000059       0x5a src/ASF/sam/utils/cmsis/sam4e/source/templates/exceptions.o
 .comment       0x00000059       0x5a src/ASF/sam/utils/cmsis/sam4e/source/templates/gcc/startup_sam4e.o
 .comment       0x00000059       0x5a src/main.o

.debug_info     0x00000000    0x14881
 .debug_info    0x00000000      0xa8e src/ASF/common/services/sleepmgr/sam/sleepmgr.o
 .debug_info    0x00000a8e     0x28fc src/ASF/common/services/usb/class/cdc/device/udi_cdc.o
 .debug_info    0x0000338a     0x1a0f src/ASF/common/services/usb/udc/udc.o
 .debug_info    0x00004d99     0x19ee src/ASF/sam/drivers/pio/pio_handler.o
 .debug_info    0x00006787     0x3600 src/ASF/sam/drivers/udp/udp_device.o
 .debug_info    0x00009d87     0x124a src/ASF/common/services/usb/class/cdc/device/udi_cdc_desc.o
 .debug_info    0x0000afd1     0x2255 src/ASF/sam/drivers/pio/pio.o
 .debug_info    0x0000d226      0xaff src/ASF/common/utils/interrupt/interrupt_sam_nvic.o
 .debug_info    0x0000dd25     0x15d3 src/ASF/sam/boards/sam4e_xplained_pro/init.o
 .debug_info    0x0000f2f8     0x18b1 src/ASF/sam/drivers/pmc/pmc.o
 .debug_info    0x00010ba9     0x137e src/ASF/sam/drivers/pmc/sleep.o
 .debug_info    0x00011f27       0xdc src/ASF/sam/utils/cmsis/sam4e/source/templates/exceptions.o
 .debug_info    0x00012003     0x1240 src/ASF/sam/utils/cmsis/sam4e/source/templates/gcc/startup_sam4e.o
 .debug_info    0x00013243     0x163e src/main.o

.debug_abbrev   0x00000000     0x2aeb
 .debug_abbrev  0x00000000      0x1b2 src/ASF/common/services/sleepmgr/sam/sleepmgr.o
 .debug_abbrev  0x000001b2      0x484 src/ASF/common/services/usb/class/cdc/device/udi_cdc.o
 .debug_abbrev  0x00000636      0x41d src/ASF/common/services/usb/udc/udc.o
 .debug_abbrev  0x00000a53      0x37f src/ASF/sam/drivers/pio/pio_handler.o
 .debug_abbrev  0x00000dd2      0x5e5 src/ASF/sam/drivers/udp/udp_device.o
 .debug_abbrev  0x000013b7      0x1c7 src/ASF/common/services/usb/class/cdc/device/udi_cdc_desc.o
 .debug_abbrev  0x0000157e      0x3ff src/ASF/sam/drivers/pio/pio.o
 .debug_abbrev  0x0000197d      0x221 src/ASF/common/utils/interrupt/interrupt_sam_nvic.o
 .debug_abbrev  0x00001b9e      0x2e4 src/ASF/sam/boards/sam4e_xplained_pro/init.o
 .debug_abbrev  0x00001e82      0x315 src/ASF/sam/drivers/pmc/pmc.o
 .debug_abbrev  0x00002197      0x32d src/ASF/sam/drivers/pmc/sleep.o
 .debug_abbrev  0x000024c4       0x7d src/ASF/sam/utils/cmsis/sam4e/source/templates/exceptions.o
 .debug_abbrev  0x00002541      0x2bd src/ASF/sam/utils/cmsis/sam4e/source/templates/gcc/startup_sam4e.o
 .debug_abbrev  0x000027fe      0x2ed src/main.o

.debug_aranges  0x00000000      0x7e0
 .debug_aranges
                0x00000000       0x18 src/ASF/common/services/sleepmgr/sam/sleepmgr.o
 .debug_aranges
                0x00000018      0x178 src/ASF/common/services/usb/class/cdc/device/udi_cdc.o
 .debug_aranges
                0x00000190       0x70 src/ASF/common/services/usb/udc/udc.o
 .debug_aranges
                0x00000200       0x68 src/ASF/sam/drivers/pio/pio_handler.o
 .debug_aranges
                0x00000268      0x108 src/ASF/sam/drivers/udp/udp_device.o
 .debug_aranges
                0x00000370       0x18 src/ASF/common/services/usb/class/cdc/device/udi_cdc_desc.o
 .debug_aranges
                0x00000388      0x1a8 src/ASF/sam/drivers/pio/pio.o
 .debug_aranges
                0x00000530       0x28 src/ASF/common/utils/interrupt/interrupt_sam_nvic.o
 .debug_aranges
                0x00000558       0x20 src/ASF/sam/boards/sam4e_xplained_pro/init.o
 .debug_aranges
                0x00000578      0x1d8 src/ASF/sam/drivers/pmc/pmc.o
 .debug_aranges
                0x00000750       0x30 src/ASF/sam/drivers/pmc/sleep.o
 .debug_aranges
                0x00000780       0x20 src/ASF/sam/utils/cmsis/sam4e/source/templates/exceptions.o
 .debug_aranges
                0x000007a0       0x20 src/ASF/sam/utils/cmsis/sam4e/source/templates/gcc/startup_sam4e.o
 .debug_aranges
                0x000007c0       0x20 src/main.o

.debug_macro    0x00000000    0x17f90
 .debug_macro   0x00000000      0x5c3 src/ASF/common/services/sleepmgr/sam/sleepmgr.o
 .debug_macro   0x000005c3      0x8d4 src/ASF/common/services/sleepmgr/sam/sleepmgr.o
 .debug_macro   0x00000e97      0x16d src/ASF/common/services/sleepmgr/sam/sleepmgr.o
 .debug_macro   0x00001004      0x71d src/ASF/common/services/sleepmgr/sam/sleepmgr.o
 .debug_macro   0x00001721       0x76 src/ASF/common/services/sleepmgr/sam/sleepmgr.o
 .debug_macro   0x00001797       0x16 src/ASF/common/services/sleepmgr/sam/sleepmgr.o
 .debug_macro   0x000017ad      0x6da src/ASF/common/services/sleepmgr/sam/sleepmgr.o
 .debug_macro   0x00001e87       0x22 src/ASF/common/services/sleepmgr/sam/sleepmgr.o
 .debug_macro   0x00001ea9       0x87 src/ASF/common/services/sleepmgr/sam/sleepmgr.o
 .debug_macro   0x00001f30       0x51 src/ASF/common/services/sleepmgr/sam/sleepmgr.o
 .debug_macro   0x00001f81       0xef src/ASF/common/services/sleepmgr/sam/sleepmgr.o
 .debug_macro   0x00002070       0x6a src/ASF/common/services/sleepmgr/sam/sleepmgr.o
 .debug_macro   0x000020da      0x1df src/ASF/common/services/sleepmgr/sam/sleepmgr.o
 .debug_macro   0x000022b9       0x27 src/ASF/common/services/sleepmgr/sam/sleepmgr.o
 .debug_macro   0x000022e0       0x1c src/ASF/common/services/sleepmgr/sam/sleepmgr.o
 .debug_macro   0x000022fc       0x22 src/ASF/common/services/sleepmgr/sam/sleepmgr.o
 .debug_macro   0x0000231e       0xdf src/ASF/common/services/sleepmgr/sam/sleepmgr.o
 .debug_macro   0x000023fd     0x102d src/ASF/common/services/sleepmgr/sam/sleepmgr.o
 .debug_macro   0x0000342a      0x11f src/ASF/common/services/sleepmgr/sam/sleepmgr.o
 .debug_macro   0x00003549      0x154 src/ASF/common/services/sleepmgr/sam/sleepmgr.o
 .debug_macro   0x0000369d      0x18f src/ASF/common/services/sleepmgr/sam/sleepmgr.o
 .debug_macro   0x0000382c      0xbec src/ASF/common/services/sleepmgr/sam/sleepmgr.o
 .debug_macro   0x00004418      0x535 src/ASF/common/services/sleepmgr/sam/sleepmgr.o
 .debug_macro   0x0000494d      0x196 src/ASF/common/services/sleepmgr/sam/sleepmgr.o
 .debug_macro   0x00004ae3      0x11e src/ASF/common/services/sleepmgr/sam/sleepmgr.o
 .debug_macro   0x00004c01      0x428 src/ASF/common/services/sleepmgr/sam/sleepmgr.o
 .debug_macro   0x00005029      0x541 src/ASF/common/services/sleepmgr/sam/sleepmgr.o
 .debug_macro   0x0000556a      0x106 src/ASF/common/services/sleepmgr/sam/sleepmgr.o
 .debug_macro   0x00005670      0xa74 src/ASF/common/services/sleepmgr/sam/sleepmgr.o
 .debug_macro   0x000060e4       0x1c src/ASF/common/services/sleepmgr/sam/sleepmgr.o
 .debug_macro   0x00006100      0x735 src/ASF/common/services/sleepmgr/sam/sleepmgr.o
 .debug_macro   0x00006835      0x44d src/ASF/common/services/sleepmgr/sam/sleepmgr.o
 .debug_macro   0x00006c82       0xbe src/ASF/common/services/sleepmgr/sam/sleepmgr.o
 .debug_macro   0x00006d40     0x28b1 src/ASF/common/services/sleepmgr/sam/sleepmgr.o
 .debug_macro   0x000095f1      0x834 src/ASF/common/services/sleepmgr/sam/sleepmgr.o
 .debug_macro   0x00009e25      0xb28 src/ASF/common/services/sleepmgr/sam/sleepmgr.o
 .debug_macro   0x0000a94d       0x9a src/ASF/common/services/sleepmgr/sam/sleepmgr.o
 .debug_macro   0x0000a9e7       0x76 src/ASF/common/services/sleepmgr/sam/sleepmgr.o
 .debug_macro   0x0000aa5d      0x3cf src/ASF/common/services/sleepmgr/sam/sleepmgr.o
 .debug_macro   0x0000ae2c       0x64 src/ASF/common/services/sleepmgr/sam/sleepmgr.o
 .debug_macro   0x0000ae90      0x1a6 src/ASF/common/services/sleepmgr/sam/sleepmgr.o
 .debug_macro   0x0000b036      0x37c src/ASF/common/services/sleepmgr/sam/sleepmgr.o
 .debug_macro   0x0000b3b2      0x6fd src/ASF/common/services/sleepmgr/sam/sleepmgr.o
 .debug_macro   0x0000baaf      0x6f4 src/ASF/common/services/sleepmgr/sam/sleepmgr.o
 .debug_macro   0x0000c1a3      0x377 src/ASF/common/services/sleepmgr/sam/sleepmgr.o
 .debug_macro   0x0000c51a      0x2a1 src/ASF/common/services/sleepmgr/sam/sleepmgr.o
 .debug_macro   0x0000c7bb      0x2cd src/ASF/common/services/sleepmgr/sam/sleepmgr.o
 .debug_macro   0x0000ca88      0x6b2 src/ASF/common/services/sleepmgr/sam/sleepmgr.o
 .debug_macro   0x0000d13a       0x76 src/ASF/common/services/sleepmgr/sam/sleepmgr.o
 .debug_macro   0x0000d1b0      0x2e9 src/ASF/common/services/sleepmgr/sam/sleepmgr.o
 .debug_macro   0x0000d499       0x46 src/ASF/common/services/sleepmgr/sam/sleepmgr.o
 .debug_macro   0x0000d4df      0x21b src/ASF/common/services/sleepmgr/sam/sleepmgr.o
 .debug_macro   0x0000d6fa      0x21b src/ASF/common/services/sleepmgr/sam/sleepmgr.o
 .debug_macro   0x0000d915      0x287 src/ASF/common/services/sleepmgr/sam/sleepmgr.o
 .debug_macro   0x0000db9c       0x88 src/ASF/common/services/sleepmgr/sam/sleepmgr.o
 .debug_macro   0x0000dc24       0x82 src/ASF/common/services/sleepmgr/sam/sleepmgr.o
 .debug_macro   0x0000dca6       0xb8 src/ASF/common/services/sleepmgr/sam/sleepmgr.o
 .debug_macro   0x0000dd5e       0x52 src/ASF/common/services/sleepmgr/sam/sleepmgr.o
 .debug_macro   0x0000ddb0       0x88 src/ASF/common/services/sleepmgr/sam/sleepmgr.o
 .debug_macro   0x0000de38      0x1bb src/ASF/common/services/sleepmgr/sam/sleepmgr.o
 .debug_macro   0x0000dff3      0x1bb src/ASF/common/services/sleepmgr/sam/sleepmgr.o
 .debug_macro   0x0000e1ae      0x12b src/ASF/common/services/sleepmgr/sam/sleepmgr.o
 .debug_macro   0x0000e2d9       0xac src/ASF/common/services/sleepmgr/sam/sleepmgr.o
 .debug_macro   0x0000e385       0xac src/ASF/common/services/sleepmgr/sam/sleepmgr.o
 .debug_macro   0x0000e431       0x94 src/ASF/common/services/sleepmgr/sam/sleepmgr.o
 .debug_macro   0x0000e4c5       0x94 src/ASF/common/services/sleepmgr/sam/sleepmgr.o
 .debug_macro   0x0000e559       0xdc src/ASF/common/services/sleepmgr/sam/sleepmgr.o
 .debug_macro   0x0000e635       0xdc src/ASF/common/services/sleepmgr/sam/sleepmgr.o
 .debug_macro   0x0000e711       0x7c src/ASF/common/services/sleepmgr/sam/sleepmgr.o
 .debug_macro   0x0000e78d       0x40 src/ASF/common/services/sleepmgr/sam/sleepmgr.o
 .debug_macro   0x0000e7cd       0xee src/ASF/common/services/sleepmgr/sam/sleepmgr.o
 .debug_macro   0x0000e8bb       0x46 src/ASF/common/services/sleepmgr/sam/sleepmgr.o
 .debug_macro   0x0000e901       0x58 src/ASF/common/services/sleepmgr/sam/sleepmgr.o
 .debug_macro   0x0000e959       0xa6 src/ASF/common/services/sleepmgr/sam/sleepmgr.o
 .debug_macro   0x0000e9ff       0x82 src/ASF/common/services/sleepmgr/sam/sleepmgr.o
 .debug_macro   0x0000ea81       0x16 src/ASF/common/services/sleepmgr/sam/sleepmgr.o
 .debug_macro   0x0000ea97       0x22 src/ASF/common/services/sleepmgr/sam/sleepmgr.o
 .debug_macro   0x0000eab9      0x193 src/ASF/common/services/sleepmgr/sam/sleepmgr.o
 .debug_macro   0x0000ec4c      0x163 src/ASF/common/services/sleepmgr/sam/sleepmgr.o
 .debug_macro   0x0000edaf      0x163 src/ASF/common/services/sleepmgr/sam/sleepmgr.o
 .debug_macro   0x0000ef12      0x163 src/ASF/common/services/sleepmgr/sam/sleepmgr.o
 .debug_macro   0x0000f075      0x163 src/ASF/common/services/sleepmgr/sam/sleepmgr.o
 .debug_macro   0x0000f1d8       0x1c src/ASF/common/services/sleepmgr/sam/sleepmgr.o
 .debug_macro   0x0000f1f4       0x2e src/ASF/common/services/sleepmgr/sam/sleepmgr.o
 .debug_macro   0x0000f222       0x22 src/ASF/common/services/sleepmgr/sam/sleepmgr.o
 .debug_macro   0x0000f244       0x1c src/ASF/common/services/sleepmgr/sam/sleepmgr.o
 .debug_macro   0x0000f260       0x52 src/ASF/common/services/sleepmgr/sam/sleepmgr.o
 .debug_macro   0x0000f2b2       0x10 src/ASF/common/services/sleepmgr/sam/sleepmgr.o
 .debug_macro   0x0000f2c2       0x1c src/ASF/common/services/sleepmgr/sam/sleepmgr.o
 .debug_macro   0x0000f2de      0x2b2 src/ASF/common/services/sleepmgr/sam/sleepmgr.o
 .debug_macro   0x0000f590      0xc83 src/ASF/common/services/sleepmgr/sam/sleepmgr.o
 .debug_macro   0x00010213      0x10e src/ASF/common/services/sleepmgr/sam/sleepmgr.o
 .debug_macro   0x00010321       0x58 src/ASF/common/services/sleepmgr/sam/sleepmgr.o
 .debug_macro   0x00010379       0x35 src/ASF/common/services/sleepmgr/sam/sleepmgr.o
 .debug_macro   0x000103ae       0x9c src/ASF/common/services/sleepmgr/sam/sleepmgr.o
 .debug_macro   0x0001044a       0x16 src/ASF/common/services/sleepmgr/sam/sleepmgr.o
 .debug_macro   0x00010460       0x35 src/ASF/common/services/sleepmgr/sam/sleepmgr.o
 .debug_macro   0x00010495      0x34d src/ASF/common/services/sleepmgr/sam/sleepmgr.o
 .debug_macro   0x000107e2       0x10 src/ASF/common/services/sleepmgr/sam/sleepmgr.o
 .debug_macro   0x000107f2       0x58 src/ASF/common/services/sleepmgr/sam/sleepmgr.o
 .debug_macro   0x0001084a       0x1f src/ASF/common/services/sleepmgr/sam/sleepmgr.o
 .debug_macro   0x00010869       0x43 src/ASF/common/services/sleepmgr/sam/sleepmgr.o
 .debug_macro   0x000108ac       0x20 src/ASF/common/services/sleepmgr/sam/sleepmgr.o
 .debug_macro   0x000108cc      0x187 src/ASF/common/services/sleepmgr/sam/sleepmgr.o
 .debug_macro   0x00010a53       0x10 src/ASF/common/services/sleepmgr/sam/sleepmgr.o
 .debug_macro   0x00010a63       0x1c src/ASF/common/services/sleepmgr/sam/sleepmgr.o
 .debug_macro   0x00010a7f       0x52 src/ASF/common/services/sleepmgr/sam/sleepmgr.o
 .debug_macro   0x00010ad1       0x40 src/ASF/common/services/sleepmgr/sam/sleepmgr.o
 .debug_macro   0x00010b11       0x10 src/ASF/common/services/sleepmgr/sam/sleepmgr.o
 .debug_macro   0x00010b21       0x40 src/ASF/common/services/sleepmgr/sam/sleepmgr.o
 .debug_macro   0x00010b61       0xd7 src/ASF/common/services/sleepmgr/sam/sleepmgr.o
 .debug_macro   0x00010c38       0x16 src/ASF/common/services/sleepmgr/sam/sleepmgr.o
 .debug_macro   0x00010c4e      0x18b src/ASF/common/services/sleepmgr/sam/sleepmgr.o
 .debug_macro   0x00010dd9       0x22 src/ASF/common/services/sleepmgr/sam/sleepmgr.o
 .debug_macro   0x00010dfb       0x16 src/ASF/common/services/sleepmgr/sam/sleepmgr.o
 .debug_macro   0x00010e11       0x16 src/ASF/common/services/sleepmgr/sam/sleepmgr.o
 .debug_macro   0x00010e27       0x29 src/ASF/common/services/sleepmgr/sam/sleepmgr.o
 .debug_macro   0x00010e50       0x73 src/ASF/common/services/sleepmgr/sam/sleepmgr.o
 .debug_macro   0x00010ec3       0x3e src/ASF/common/services/sleepmgr/sam/sleepmgr.o
 .debug_macro   0x00010f01      0x3ca src/ASF/common/services/sleepmgr/sam/sleepmgr.o
 .debug_macro   0x000112cb       0x10 src/ASF/common/services/sleepmgr/sam/sleepmgr.o
 .debug_macro   0x000112db       0x34 src/ASF/common/services/sleepmgr/sam/sleepmgr.o
 .debug_macro   0x0001130f      0x6db src/ASF/common/services/usb/class/cdc/device/udi_cdc.o
 .debug_macro   0x000119ea       0x7b src/ASF/common/services/usb/class/cdc/device/udi_cdc.o
 .debug_macro   0x00011a65      0x21e src/ASF/common/services/usb/class/cdc/device/udi_cdc.o
 .debug_macro   0x00011c83       0x99 src/ASF/common/services/usb/class/cdc/device/udi_cdc.o
 .debug_macro   0x00011d1c      0x241 src/ASF/common/services/usb/class/cdc/device/udi_cdc.o
 .debug_macro   0x00011f5d      0x162 src/ASF/common/services/usb/class/cdc/device/udi_cdc.o
 .debug_macro   0x000120bf       0x16 src/ASF/common/services/usb/class/cdc/device/udi_cdc.o
 .debug_macro   0x000120d5       0x1c src/ASF/common/services/usb/class/cdc/device/udi_cdc.o
 .debug_macro   0x000120f1      0x190 src/ASF/common/services/usb/class/cdc/device/udi_cdc.o
 .debug_macro   0x00012281       0x16 src/ASF/common/services/usb/class/cdc/device/udi_cdc.o
 .debug_macro   0x00012297      0x62b src/ASF/common/services/usb/udc/udc.o
 .debug_macro   0x000128c2      0x5bc src/ASF/sam/drivers/pio/pio_handler.o
 .debug_macro   0x00012e7e       0x8e src/ASF/sam/drivers/pio/pio_handler.o
 .debug_macro   0x00012f0c      0x74e src/ASF/sam/drivers/udp/udp_device.o
 .debug_macro   0x0001365a       0x34 src/ASF/sam/drivers/udp/udp_device.o
 .debug_macro   0x0001368e      0x2df src/ASF/sam/drivers/udp/udp_device.o
 .debug_macro   0x0001396d      0x943 src/ASF/sam/drivers/udp/udp_device.o
 .debug_macro   0x000142b0       0x58 src/ASF/sam/drivers/udp/udp_device.o
 .debug_macro   0x00014308       0x64 src/ASF/sam/drivers/udp/udp_device.o
 .debug_macro   0x0001436c       0x40 src/ASF/sam/drivers/udp/udp_device.o
 .debug_macro   0x000143ac       0x82 src/ASF/sam/drivers/udp/udp_device.o
 .debug_macro   0x0001442e       0x88 src/ASF/sam/drivers/udp/udp_device.o
 .debug_macro   0x000144b6       0x94 src/ASF/sam/drivers/udp/udp_device.o
 .debug_macro   0x0001454a      0x3f2 src/ASF/sam/drivers/udp/udp_device.o
 .debug_macro   0x0001493c      0x63f src/ASF/common/services/usb/class/cdc/device/udi_cdc_desc.o
 .debug_macro   0x00014f7b      0x5b2 src/ASF/sam/drivers/pio/pio.o
 .debug_macro   0x0001552d      0x59d src/ASF/common/utils/interrupt/interrupt_sam_nvic.o
 .debug_macro   0x00015aca      0x657 src/ASF/sam/boards/sam4e_xplained_pro/init.o
 .debug_macro   0x00016121       0x82 src/ASF/sam/boards/sam4e_xplained_pro/init.o
 .debug_macro   0x000161a3      0x5b2 src/ASF/sam/drivers/pmc/pmc.o
 .debug_macro   0x00016755       0x52 src/ASF/sam/drivers/pmc/pmc.o
 .debug_macro   0x000167a7      0x5d9 src/ASF/sam/drivers/pmc/sleep.o
 .debug_macro   0x00016d80      0x3a4 src/ASF/sam/utils/cmsis/sam4e/source/templates/exceptions.o
 .debug_macro   0x00017124      0x5b6 src/ASF/sam/utils/cmsis/sam4e/source/templates/gcc/startup_sam4e.o
 .debug_macro   0x000176da       0x10 src/ASF/sam/utils/cmsis/sam4e/source/templates/gcc/startup_sam4e.o
 .debug_macro   0x000176ea      0x7b3 src/main.o
 .debug_macro   0x00017e9d       0x40 src/main.o
 .debug_macro   0x00017edd       0x16 src/main.o
 .debug_macro   0x00017ef3       0x1c src/main.o
 .debug_macro   0x00017f0f       0x81 src/main.o

.debug_line     0x00000000     0xa9af
 .debug_line    0x00000000      0x983 src/ASF/common/services/sleepmgr/sam/sleepmgr.o
 .debug_line    0x00000983     0x10f5 src/ASF/common/services/usb/class/cdc/device/udi_cdc.o
 .debug_line    0x00001a78      0xc22 src/ASF/common/services/usb/udc/udc.o
 .debug_line    0x0000269a      0xa13 src/ASF/sam/drivers/pio/pio_handler.o
 .debug_line    0x000030ad     0x15df src/ASF/sam/drivers/udp/udp_device.o
 .debug_line    0x0000468c      0xa05 src/ASF/common/services/usb/class/cdc/device/udi_cdc_desc.o
 .debug_line    0x00005091      0xdca src/ASF/sam/drivers/pio/pio.o
 .debug_line    0x00005e5b      0x930 src/ASF/common/utils/interrupt/interrupt_sam_nvic.o
 .debug_line    0x0000678b      0xaba src/ASF/sam/boards/sam4e_xplained_pro/init.o
 .debug_line    0x00007245      0xe29 src/ASF/sam/drivers/pmc/pmc.o
 .debug_line    0x0000806e      0xa8a src/ASF/sam/drivers/pmc/sleep.o
 .debug_line    0x00008af8      0x697 src/ASF/sam/utils/cmsis/sam4e/source/templates/exceptions.o
 .debug_line    0x0000918f      0x99e src/ASF/sam/utils/cmsis/sam4e/source/templates/gcc/startup_sam4e.o
 .debug_line    0x00009b2d      0xe82 src/main.o

.debug_str      0x00000000    0x6aea6
 .debug_str     0x00000000    0x5b6e5 src/ASF/common/services/sleepmgr/sam/sleepmgr.o
                              0x5bbdf (size before relaxing)
 .debug_str     0x0005b6e5     0x47e3 src/ASF/common/services/usb/class/cdc/device/udi_cdc.o
                              0x60295 (size before relaxing)
 .debug_str     0x0005fec8      0x8ee src/ASF/common/services/usb/udc/udc.o
                              0x5e93d (size before relaxing)
 .debug_str     0x000607b6      0xb1e src/ASF/sam/drivers/pio/pio_handler.o
                              0x5c62e (size before relaxing)
 .debug_str     0x000612d4     0x7b34 src/ASF/sam/drivers/udp/udp_device.o
                              0x66602 (size before relaxing)
 .debug_str     0x00068e08      0x231 src/ASF/common/services/usb/class/cdc/device/udi_cdc_desc.o
                              0x5f906 (size before relaxing)
 .debug_str     0x00069039      0x52b src/ASF/sam/drivers/pio/pio.o
                              0x5c67d (size before relaxing)
 .debug_str     0x00069564       0x65 src/ASF/common/utils/interrupt/interrupt_sam_nvic.o
                              0x5baa3 (size before relaxing)
 .debug_str     0x000695c9      0x432 src/ASF/sam/boards/sam4e_xplained_pro/init.o
                              0x609d8 (size before relaxing)
 .debug_str     0x000699fb      0x6e6 src/ASF/sam/drivers/pmc/pmc.o
                              0x5c42b (size before relaxing)
 .debug_str     0x0006a0e1      0x160 src/ASF/sam/drivers/pmc/sleep.o
                              0x5fd65 (size before relaxing)
 .debug_str     0x0006a241       0x4d src/ASF/sam/utils/cmsis/sam4e/source/templates/exceptions.o
                              0x4b219 (size before relaxing)
 .debug_str     0x0006a28e      0x521 src/ASF/sam/utils/cmsis/sam4e/source/templates/gcc/startup_sam4e.o
                              0x5c05a (size before relaxing)
 .debug_str     0x0006a7af      0x6f7 src/main.o
                              0x64c6c (size before relaxing)

.debug_loc      0x00000000     0x54af
 .debug_loc     0x00000000     0x11ee src/ASF/common/services/usb/class/cdc/device/udi_cdc.o
 .debug_loc     0x000011ee      0x49b src/ASF/common/services/usb/udc/udc.o
 .debug_loc     0x00001689      0x591 src/ASF/sam/drivers/pio/pio_handler.o
 .debug_loc     0x00001c1a     0x1b71 src/ASF/sam/drivers/udp/udp_device.o
 .debug_loc     0x0000378b      0xdef src/ASF/sam/drivers/pio/pio.o
 .debug_loc     0x0000457a      0x13b src/ASF/sam/boards/sam4e_xplained_pro/init.o
 .debug_loc     0x000046b5      0x9c6 src/ASF/sam/drivers/pmc/pmc.o
 .debug_loc     0x0000507b      0x389 src/ASF/sam/drivers/pmc/sleep.o
 .debug_loc     0x00005404       0x77 src/ASF/sam/utils/cmsis/sam4e/source/templates/gcc/startup_sam4e.o
 .debug_loc     0x0000547b       0x34 src/main.o

.debug_ranges   0x00000000      0x870
 .debug_ranges  0x00000000      0x1b0 src/ASF/common/services/usb/class/cdc/device/udi_cdc.o
 .debug_ranges  0x000001b0       0xa8 src/ASF/common/services/usb/udc/udc.o
 .debug_ranges  0x00000258       0x70 src/ASF/sam/drivers/pio/pio_handler.o
 .debug_ranges  0x000002c8      0x158 src/ASF/sam/drivers/udp/udp_device.o
 .debug_ranges  0x00000420      0x1b0 src/ASF/sam/drivers/pio/pio.o
 .debug_ranges  0x000005d0       0x18 src/ASF/common/utils/interrupt/interrupt_sam_nvic.o
 .debug_ranges  0x000005e8       0x10 src/ASF/sam/boards/sam4e_xplained_pro/init.o
 .debug_ranges  0x000005f8      0x1c8 src/ASF/sam/drivers/pmc/pmc.o
 .debug_ranges  0x000007c0       0x50 src/ASF/sam/drivers/pmc/sleep.o
 .debug_ranges  0x00000810       0x10 src/ASF/sam/utils/cmsis/sam4e/source/templates/exceptions.o
 .debug_ranges  0x00000820       0x10 src/ASF/sam/utils/cmsis/sam4e/source/templates/gcc/startup_sam4e.o
 .debug_ranges  0x00000830       0x40 src/main.o

.debug_frame    0x00000000     0x146c
 .debug_frame   0x00000000      0x48c src/ASF/common/services/usb/class/cdc/device/udi_cdc.o
 .debug_frame   0x0000048c      0x13c src/ASF/common/services/usb/udc/udc.o
 .debug_frame   0x000005c8      0x124 src/ASF/sam/drivers/pio/pio_handler.o
 .debug_frame   0x000006ec      0x37c src/ASF/sam/drivers/udp/udp_device.o
 .debug_frame   0x00000a68      0x384 src/ASF/sam/drivers/pio/pio.o
 .debug_frame   0x00000dec       0x30 src/ASF/common/utils/interrupt/interrupt_sam_nvic.o
 .debug_frame   0x00000e1c       0x28 src/ASF/sam/boards/sam4e_xplained_pro/init.o
 .debug_frame   0x00000e44      0x39c src/ASF/sam/drivers/pmc/pmc.o
 .debug_frame   0x000011e0       0x5c src/ASF/sam/drivers/pmc/sleep.o
 .debug_frame   0x0000123c       0x20 src/ASF/sam/utils/cmsis/sam4e/source/templates/exceptions.o
 .debug_frame   0x0000125c       0x28 src/ASF/sam/utils/cmsis/sam4e/source/templates/gcc/startup_sam4e.o
 .debug_frame   0x00001284       0x28 src/main.o
 .debug_frame   0x000012ac       0x2c c:/program files (x86)/atmel/studio/7.0/toolchain/arm/arm-gnu-toolchain/bin/../lib/gcc/arm-none-eabi/6.3.1/../../../../arm-none-eabi/lib/thumb/v7e-m\libc.a(lib_a-init.o)
 .debug_frame   0x000012d8       0x5c c:/program files (x86)/atmel/studio/7.0/toolchain/arm/arm-gnu-toolchain/bin/../lib/gcc/arm-none-eabi/6.3.1/../../../../arm-none-eabi/lib/thumb/v7e-m\libc.a(lib_a-__call_atexit.o)
 .debug_frame   0x00001334       0x20 c:/program files (x86)/atmel/studio/7.0/toolchain/arm/arm-gnu-toolchain/bin/../lib/gcc/arm-none-eabi/6.3.1/../../../../arm-none-eabi/lib/thumb/v7e-m\libc.a(lib_a-atexit.o)
 .debug_frame   0x00001354       0x34 c:/program files (x86)/atmel/studio/7.0/toolchain/arm/arm-gnu-toolchain/bin/../lib/gcc/arm-none-eabi/6.3.1/../../../../arm-none-eabi/lib/thumb/v7e-m\libc.a(lib_a-fini.o)
 .debug_frame   0x00001388       0xb0 c:/program files (x86)/atmel/studio/7.0/toolchain/arm/arm-gnu-toolchain/bin/../lib/gcc/arm-none-eabi/6.3.1/../../../../arm-none-eabi/lib/thumb/v7e-m\libc.a(lib_a-lock.o)
 .debug_frame   0x00001438       0x34 c:/program files (x86)/atmel/studio/7.0/toolchain/arm/arm-gnu-toolchain/bin/../lib/gcc/arm-none-eabi/6.3.1/../../../../arm-none-eabi/lib/thumb/v7e-m\libc.a(lib_a-__atexit.o)

Cross Reference Table

Symbol                                            File
ACC_Handler                                       src/ASF/sam/utils/cmsis/sam4e/source/templates/exceptions.o
                                                  src/ASF/sam/utils/cmsis/sam4e/source/templates/gcc/startup_sam4e.o
AES_Handler                                       src/ASF/sam/utils/cmsis/sam4e/source/templates/exceptions.o
                                                  src/ASF/sam/utils/cmsis/sam4e/source/templates/gcc/startup_sam4e.o
AFEC0_Handler                                     src/ASF/sam/utils/cmsis/sam4e/source/templates/exceptions.o
                                                  src/ASF/sam/utils/cmsis/sam4e/source/templates/gcc/startup_sam4e.o
AFEC1_Handler                                     src/ASF/sam/utils/cmsis/sam4e/source/templates/exceptions.o
                                                  src/ASF/sam/utils/cmsis/sam4e/source/templates/gcc/startup_sam4e.o
ARM_Handler                                       src/ASF/sam/utils/cmsis/sam4e/source/templates/exceptions.o
                                                  src/ASF/sam/utils/cmsis/sam4e/source/templates/gcc/startup_sam4e.o
BusFault_Handler                                  src/ASF/sam/utils/cmsis/sam4e/source/templates/exceptions.o
                                                  src/ASF/sam/utils/cmsis/sam4e/source/templates/gcc/startup_sam4e.o
CAN0_Handler                                      src/ASF/sam/utils/cmsis/sam4e/source/templates/exceptions.o
                                                  src/ASF/sam/utils/cmsis/sam4e/source/templates/gcc/startup_sam4e.o
CAN1_Handler                                      src/ASF/sam/utils/cmsis/sam4e/source/templates/exceptions.o
                                                  src/ASF/sam/utils/cmsis/sam4e/source/templates/gcc/startup_sam4e.o
DACC_Handler                                      src/ASF/sam/utils/cmsis/sam4e/source/templates/exceptions.o
                                                  src/ASF/sam/utils/cmsis/sam4e/source/templates/gcc/startup_sam4e.o
DMAC_Handler                                      src/ASF/sam/utils/cmsis/sam4e/source/templates/exceptions.o
                                                  src/ASF/sam/utils/cmsis/sam4e/source/templates/gcc/startup_sam4e.o
DebugMon_Handler                                  src/ASF/sam/utils/cmsis/sam4e/source/templates/exceptions.o
                                                  src/ASF/sam/utils/cmsis/sam4e/source/templates/gcc/startup_sam4e.o
Dummy_Handler                                     src/ASF/sam/utils/cmsis/sam4e/source/templates/exceptions.o
                                                  src/ASF/sam/utils/cmsis/sam4e/source/templates/gcc/startup_sam4e.o
EFC_Handler                                       src/ASF/sam/utils/cmsis/sam4e/source/templates/exceptions.o
                                                  src/ASF/sam/utils/cmsis/sam4e/source/templates/gcc/startup_sam4e.o
GMAC_Handler                                      src/ASF/sam/utils/cmsis/sam4e/source/templates/exceptions.o
                                                  src/ASF/sam/utils/cmsis/sam4e/source/templates/gcc/startup_sam4e.o
HSMCI_Handler                                     src/ASF/sam/utils/cmsis/sam4e/source/templates/exceptions.o
                                                  src/ASF/sam/utils/cmsis/sam4e/source/templates/gcc/startup_sam4e.o
HardFault_Handler                                 src/ASF/sam/utils/cmsis/sam4e/source/templates/exceptions.o
                                                  src/ASF/sam/utils/cmsis/sam4e/source/templates/gcc/startup_sam4e.o
MemManage_Handler                                 src/ASF/sam/utils/cmsis/sam4e/source/templates/exceptions.o
                                                  src/ASF/sam/utils/cmsis/sam4e/source/templates/gcc/startup_sam4e.o
NMI_Handler                                       src/ASF/sam/utils/cmsis/sam4e/source/templates/exceptions.o
                                                  src/ASF/sam/utils/cmsis/sam4e/source/templates/gcc/startup_sam4e.o
PIOA_Handler                                      src/ASF/sam/drivers/pio/pio_handler.o
                                                  src/ASF/sam/utils/cmsis/sam4e/source/templates/gcc/startup_sam4e.o
PIOB_Handler                                      src/ASF/sam/drivers/pio/pio_handler.o
                                                  src/ASF/sam/utils/cmsis/sam4e/source/templates/gcc/startup_sam4e.o
PIOC_Handler                                      src/ASF/sam/drivers/pio/pio_handler.o
                                                  src/ASF/sam/utils/cmsis/sam4e/source/templates/gcc/startup_sam4e.o
PIOD_Handler                                      src/ASF/sam/drivers/pio/pio_handler.o
                                                  src/ASF/sam/utils/cmsis/sam4e/source/templates/gcc/startup_sam4e.o
PIOE_Handler                                      src/ASF/sam/drivers/pio/pio_handler.o
                                                  src/ASF/sam/utils/cmsis/sam4e/source/templates/gcc/startup_sam4e.o
PMC_Handler                                       src/ASF/sam/utils/cmsis/sam4e/source/templates/exceptions.o
                                                  src/ASF/sam/utils/cmsis/sam4e/source/templates/gcc/startup_sam4e.o
PWM_Handler                                       src/ASF/sam/utils/cmsis/sam4e/source/templates/exceptions.o
                                                  src/ASF/sam/utils/cmsis/sam4e/source/templates/gcc/startup_sam4e.o
PendSV_Handler                                    src/ASF/sam/utils/cmsis/sam4e/source/templates/exceptions.o
                                                  src/ASF/sam/utils/cmsis/sam4e/source/templates/gcc/startup_sam4e.o
RSTC_Handler                                      src/ASF/sam/utils/cmsis/sam4e/source/templates/exceptions.o
                                                  src/ASF/sam/utils/cmsis/sam4e/source/templates/gcc/startup_sam4e.o
RTC_Handler                                       src/ASF/sam/utils/cmsis/sam4e/source/templates/exceptions.o
                                                  src/ASF/sam/utils/cmsis/sam4e/source/templates/gcc/startup_sam4e.o
RTT_Handler                                       src/ASF/sam/utils/cmsis/sam4e/source/templates/exceptions.o
                                                  src/ASF/sam/utils/cmsis/sam4e/source/templates/gcc/startup_sam4e.o
Reset_Handler                                     src/ASF/sam/utils/cmsis/sam4e/source/templates/gcc/startup_sam4e.o
                                                  src/ASF/sam/utils/cmsis/sam4e/source/templates/exceptions.o
SMC_Handler                                       src/ASF/sam/utils/cmsis/sam4e/source/templates/exceptions.o
SPI_Handler                                       src/ASF/sam/utils/cmsis/sam4e/source/templates/exceptions.o
                                                  src/ASF/sam/utils/cmsis/sam4e/source/templates/gcc/startup_sam4e.o
SUPC_Handler                                      src/ASF/sam/utils/cmsis/sam4e/source/templates/exceptions.o
                                                  src/ASF/sam/utils/cmsis/sam4e/source/templates/gcc/startup_sam4e.o
SVC_Handler                                       src/ASF/sam/utils/cmsis/sam4e/source/templates/exceptions.o
                                                  src/ASF/sam/utils/cmsis/sam4e/source/templates/gcc/startup_sam4e.o
SysTick_Handler                                   src/ASF/sam/utils/cmsis/sam4e/source/templates/exceptions.o
                                                  src/ASF/sam/utils/cmsis/sam4e/source/templates/gcc/startup_sam4e.o
SystemCoreClock                                   src/ASF/sam/utils/cmsis/sam4e/source/templates/system_sam4e.o
SystemCoreClockUpdate                             src/ASF/sam/utils/cmsis/sam4e/source/templates/system_sam4e.o
                                                  src/ASF/common/services/clock/sam4e/sysclk.o
SystemInit                                        src/ASF/sam/utils/cmsis/sam4e/source/templates/system_sam4e.o
TC0_Handler                                       src/ASF/sam/utils/cmsis/sam4e/source/templates/exceptions.o
                                                  src/ASF/sam/utils/cmsis/sam4e/source/templates/gcc/startup_sam4e.o
TC1_Handler                                       src/ASF/sam/utils/cmsis/sam4e/source/templates/exceptions.o
                                                  src/ASF/sam/utils/cmsis/sam4e/source/templates/gcc/startup_sam4e.o
TC2_Handler                                       src/ASF/sam/utils/cmsis/sam4e/source/templates/exceptions.o
                                                  src/ASF/sam/utils/cmsis/sam4e/source/templates/gcc/startup_sam4e.o
TC3_Handler                                       src/ASF/sam/utils/cmsis/sam4e/source/templates/exceptions.o
                                                  src/ASF/sam/utils/cmsis/sam4e/source/templates/gcc/startup_sam4e.o
TC4_Handler                                       src/ASF/sam/utils/cmsis/sam4e/source/templates/exceptions.o
                                                  src/ASF/sam/utils/cmsis/sam4e/source/templates/gcc/startup_sam4e.o
TC5_Handler                                       src/ASF/sam/utils/cmsis/sam4e/source/templates/exceptions.o
                                                  src/ASF/sam/utils/cmsis/sam4e/source/templates/gcc/startup_sam4e.o
TC6_Handler                                       src/ASF/sam/utils/cmsis/sam4e/source/templates/exceptions.o
                                                  src/ASF/sam/utils/cmsis/sam4e/source/templates/gcc/startup_sam4e.o
TC7_Handler                                       src/ASF/sam/utils/cmsis/sam4e/source/templates/exceptions.o
                                                  src/ASF/sam/utils/cmsis/sam4e/source/templates/gcc/startup_sam4e.o
TC8_Handler                                       src/ASF/sam/utils/cmsis/sam4e/source/templates/exceptions.o
                                                  src/ASF/sam/utils/cmsis/sam4e/source/templates/gcc/startup_sam4e.o
TWI0_Handler                                      src/ASF/sam/utils/cmsis/sam4e/source/templates/exceptions.o
                                                  src/ASF/sam/utils/cmsis/sam4e/source/templates/gcc/startup_sam4e.o
TWI1_Handler                                      src/ASF/sam/utils/cmsis/sam4e/source/templates/exceptions.o
                                                  src/ASF/sam/utils/cmsis/sam4e/source/templates/gcc/startup_sam4e.o
UART0_Handler                                     src/ASF/sam/utils/cmsis/sam4e/source/templates/exceptions.o
                                                  src/ASF/sam/utils/cmsis/sam4e/source/templates/gcc/startup_sam4e.o
UART1_Handler                                     src/ASF/sam/utils/cmsis/sam4e/source/templates/exceptions.o
                                                  src/ASF/sam/utils/cmsis/sam4e/source/templates/gcc/startup_sam4e.o
UDP_Handler                                       src/ASF/sam/drivers/udp/udp_device.o
                                                  src/ASF/sam/utils/cmsis/sam4e/source/templates/gcc/startup_sam4e.o
USART0_Handler                                    src/ASF/sam/utils/cmsis/sam4e/source/templates/exceptions.o
                                                  src/ASF/sam/utils/cmsis/sam4e/source/templates/gcc/startup_sam4e.o
USART1_Handler                                    src/ASF/sam/utils/cmsis/sam4e/source/templates/exceptions.o
                                                  src/ASF/sam/utils/cmsis/sam4e/source/templates/gcc/startup_sam4e.o
UsageFault_Handler                                src/ASF/sam/utils/cmsis/sam4e/source/templates/exceptions.o
                                                  src/ASF/sam/utils/cmsis/sam4e/source/templates/gcc/startup_sam4e.o
WDT_Handler                                       src/ASF/sam/utils/cmsis/sam4e/source/templates/exceptions.o
                                                  src/ASF/sam/utils/cmsis/sam4e/source/templates/gcc/startup_sam4e.o
_Jv_RegisterClasses                               c:/program files (x86)/atmel/studio/7.0/toolchain/arm/arm-gnu-toolchain/bin/../lib/gcc/arm-none-eabi/6.3.1/thumb/v7e-m/crtbegin.o
__atexit_recursive_mutex                          c:/program files (x86)/atmel/studio/7.0/toolchain/arm/arm-gnu-toolchain/bin/../lib/gcc/arm-none-eabi/6.3.1/../../../../arm-none-eabi/lib/thumb/v7e-m\libc.a(lib_a-__call_atexit.o)
                                                  c:/program files (x86)/atmel/studio/7.0/toolchain/arm/arm-gnu-toolchain/bin/../lib/gcc/arm-none-eabi/6.3.1/../../../../arm-none-eabi/lib/thumb/v7e-m\libc.a(lib_a-__atexit.o)
__bss_end__                                       c:/program files (x86)/atmel/studio/7.0/toolchain/arm/arm-gnu-toolchain/bin/../lib/gcc/arm-none-eabi/6.3.1/../../../../arm-none-eabi/lib/thumb/v7e-m/crt0.o
__bss_start__                                     c:/program files (x86)/atmel/studio/7.0/toolchain/arm/arm-gnu-toolchain/bin/../lib/gcc/arm-none-eabi/6.3.1/../../../../arm-none-eabi/lib/thumb/v7e-m/crt0.o
__call_exitprocs                                  c:/program files (x86)/atmel/studio/7.0/toolchain/arm/arm-gnu-toolchain/bin/../lib/gcc/arm-none-eabi/6.3.1/../../../../arm-none-eabi/lib/thumb/v7e-m\libc.a(lib_a-__call_atexit.o)
                                                  c:/program files (x86)/atmel/studio/7.0/toolchain/arm/arm-gnu-toolchain/bin/../lib/gcc/arm-none-eabi/6.3.1/../../../../arm-none-eabi/lib/thumb/v7e-m\libc.a(lib_a-exit.o)
__deregister_frame_info                           c:/program files (x86)/atmel/studio/7.0/toolchain/arm/arm-gnu-toolchain/bin/../lib/gcc/arm-none-eabi/6.3.1/thumb/v7e-m/crtbegin.o
__dso_handle                                      c:/program files (x86)/atmel/studio/7.0/toolchain/arm/arm-gnu-toolchain/bin/../lib/gcc/arm-none-eabi/6.3.1/thumb/v7e-m/crtbegin.o
__fini_array_end                                  c:/program files (x86)/atmel/studio/7.0/toolchain/arm/arm-gnu-toolchain/bin/../lib/gcc/arm-none-eabi/6.3.1/../../../../arm-none-eabi/lib/thumb/v7e-m\libc.a(lib_a-fini.o)
__fini_array_start                                c:/program files (x86)/atmel/studio/7.0/toolchain/arm/arm-gnu-toolchain/bin/../lib/gcc/arm-none-eabi/6.3.1/../../../../arm-none-eabi/lib/thumb/v7e-m\libc.a(lib_a-fini.o)
__init_array_end                                  c:/program files (x86)/atmel/studio/7.0/toolchain/arm/arm-gnu-toolchain/bin/../lib/gcc/arm-none-eabi/6.3.1/../../../../arm-none-eabi/lib/thumb/v7e-m\libc.a(lib_a-init.o)
__init_array_start                                c:/program files (x86)/atmel/studio/7.0/toolchain/arm/arm-gnu-toolchain/bin/../lib/gcc/arm-none-eabi/6.3.1/../../../../arm-none-eabi/lib/thumb/v7e-m\libc.a(lib_a-init.o)
__libc_fini                                       c:/program files (x86)/atmel/studio/7.0/toolchain/arm/arm-gnu-toolchain/bin/../lib/gcc/arm-none-eabi/6.3.1/../../../../arm-none-eabi/lib/thumb/v7e-m\libc.a(lib_a-__call_atexit.o)
__libc_fini_array                                 c:/program files (x86)/atmel/studio/7.0/toolchain/arm/arm-gnu-toolchain/bin/../lib/gcc/arm-none-eabi/6.3.1/../../../../arm-none-eabi/lib/thumb/v7e-m\libc.a(lib_a-fini.o)
                                                  c:/program files (x86)/atmel/studio/7.0/toolchain/arm/arm-gnu-toolchain/bin/../lib/gcc/arm-none-eabi/6.3.1/../../../../arm-none-eabi/lib/thumb/v7e-m\libc.a(lib_a-__call_atexit.o)
                                                  c:/program files (x86)/atmel/studio/7.0/toolchain/arm/arm-gnu-toolchain/bin/../lib/gcc/arm-none-eabi/6.3.1/../../../../arm-none-eabi/lib/thumb/v7e-m/crt0.o
__libc_init_array                                 c:/program files (x86)/atmel/studio/7.0/toolchain/arm/arm-gnu-toolchain/bin/../lib/gcc/arm-none-eabi/6.3.1/../../../../arm-none-eabi/lib/thumb/v7e-m\libc.a(lib_a-init.o)
                                                  src/ASF/sam/utils/cmsis/sam4e/source/templates/gcc/startup_sam4e.o
                                                  c:/program files (x86)/atmel/studio/7.0/toolchain/arm/arm-gnu-toolchain/bin/../lib/gcc/arm-none-eabi/6.3.1/../../../../arm-none-eabi/lib/thumb/v7e-m/crt0.o
__lock___arc4random_mutex                         c:/program files (x86)/atmel/studio/7.0/toolchain/arm/arm-gnu-toolchain/bin/../lib/gcc/arm-none-eabi/6.3.1/../../../../arm-none-eabi/lib/thumb/v7e-m\libc.a(lib_a-lock.o)
__lock___at_quick_exit_mutex                      c:/program files (x86)/atmel/studio/7.0/toolchain/arm/arm-gnu-toolchain/bin/../lib/gcc/arm-none-eabi/6.3.1/../../../../arm-none-eabi/lib/thumb/v7e-m\libc.a(lib_a-lock.o)
__lock___atexit_recursive_mutex                   c:/program files (x86)/atmel/studio/7.0/toolchain/arm/arm-gnu-toolchain/bin/../lib/gcc/arm-none-eabi/6.3.1/../../../../arm-none-eabi/lib/thumb/v7e-m\libc.a(lib_a-lock.o)
                                                  c:/program files (x86)/atmel/studio/7.0/toolchain/arm/arm-gnu-toolchain/bin/../lib/gcc/arm-none-eabi/6.3.1/../../../../arm-none-eabi/lib/thumb/v7e-m\libc.a(lib_a-__call_atexit.o)
__lock___dd_hash_mutex                            c:/program files (x86)/atmel/studio/7.0/toolchain/arm/arm-gnu-toolchain/bin/../lib/gcc/arm-none-eabi/6.3.1/../../../../arm-none-eabi/lib/thumb/v7e-m\libc.a(lib_a-lock.o)
__lock___env_recursive_mutex                      c:/program files (x86)/atmel/studio/7.0/toolchain/arm/arm-gnu-toolchain/bin/../lib/gcc/arm-none-eabi/6.3.1/../../../../arm-none-eabi/lib/thumb/v7e-m\libc.a(lib_a-lock.o)
__lock___malloc_recursive_mutex                   c:/program files (x86)/atmel/studio/7.0/toolchain/arm/arm-gnu-toolchain/bin/../lib/gcc/arm-none-eabi/6.3.1/../../../../arm-none-eabi/lib/thumb/v7e-m\libc.a(lib_a-lock.o)
__lock___sfp_recursive_mutex                      c:/program files (x86)/atmel/studio/7.0/toolchain/arm/arm-gnu-toolchain/bin/../lib/gcc/arm-none-eabi/6.3.1/../../../../arm-none-eabi/lib/thumb/v7e-m\libc.a(lib_a-lock.o)
__lock___sinit_recursive_mutex                    c:/program files (x86)/atmel/studio/7.0/toolchain/arm/arm-gnu-toolchain/bin/../lib/gcc/arm-none-eabi/6.3.1/../../../../arm-none-eabi/lib/thumb/v7e-m\libc.a(lib_a-lock.o)
__lock___tz_mutex                                 c:/program files (x86)/atmel/studio/7.0/toolchain/arm/arm-gnu-toolchain/bin/../lib/gcc/arm-none-eabi/6.3.1/../../../../arm-none-eabi/lib/thumb/v7e-m\libc.a(lib_a-lock.o)
__preinit_array_end                               c:/program files (x86)/atmel/studio/7.0/toolchain/arm/arm-gnu-toolchain/bin/../lib/gcc/arm-none-eabi/6.3.1/../../../../arm-none-eabi/lib/thumb/v7e-m\libc.a(lib_a-init.o)
__preinit_array_start                             c:/program files (x86)/atmel/studio/7.0/toolchain/arm/arm-gnu-toolchain/bin/../lib/gcc/arm-none-eabi/6.3.1/../../../../arm-none-eabi/lib/thumb/v7e-m\libc.a(lib_a-init.o)
__ram_end__                                       src/ASF/sam/utils/syscalls/gcc/syscalls.o
__register_exitproc                               c:/program files (x86)/atmel/studio/7.0/toolchain/arm/arm-gnu-toolchain/bin/../lib/gcc/arm-none-eabi/6.3.1/../../../../arm-none-eabi/lib/thumb/v7e-m\libc.a(lib_a-__atexit.o)
                                                  c:/program files (x86)/atmel/studio/7.0/toolchain/arm/arm-gnu-toolchain/bin/../lib/gcc/arm-none-eabi/6.3.1/../../../../arm-none-eabi/lib/thumb/v7e-m\libc.a(lib_a-atexit.o)
__register_frame_info                             c:/program files (x86)/atmel/studio/7.0/toolchain/arm/arm-gnu-toolchain/bin/../lib/gcc/arm-none-eabi/6.3.1/thumb/v7e-m/crtbegin.o
__retarget_lock_acquire                           c:/program files (x86)/atmel/studio/7.0/toolchain/arm/arm-gnu-toolchain/bin/../lib/gcc/arm-none-eabi/6.3.1/../../../../arm-none-eabi/lib/thumb/v7e-m\libc.a(lib_a-lock.o)
__retarget_lock_acquire_recursive                 c:/program files (x86)/atmel/studio/7.0/toolchain/arm/arm-gnu-toolchain/bin/../lib/gcc/arm-none-eabi/6.3.1/../../../../arm-none-eabi/lib/thumb/v7e-m\libc.a(lib_a-lock.o)
                                                  c:/program files (x86)/atmel/studio/7.0/toolchain/arm/arm-gnu-toolchain/bin/../lib/gcc/arm-none-eabi/6.3.1/../../../../arm-none-eabi/lib/thumb/v7e-m\libc.a(lib_a-__atexit.o)
                                                  c:/program files (x86)/atmel/studio/7.0/toolchain/arm/arm-gnu-toolchain/bin/../lib/gcc/arm-none-eabi/6.3.1/../../../../arm-none-eabi/lib/thumb/v7e-m\libc.a(lib_a-__call_atexit.o)
__retarget_lock_close                             c:/program files (x86)/atmel/studio/7.0/toolchain/arm/arm-gnu-toolchain/bin/../lib/gcc/arm-none-eabi/6.3.1/../../../../arm-none-eabi/lib/thumb/v7e-m\libc.a(lib_a-lock.o)
__retarget_lock_close_recursive                   c:/program files (x86)/atmel/studio/7.0/toolchain/arm/arm-gnu-toolchain/bin/../lib/gcc/arm-none-eabi/6.3.1/../../../../arm-none-eabi/lib/thumb/v7e-m\libc.a(lib_a-lock.o)
__retarget_lock_init                              c:/program files (x86)/atmel/studio/7.0/toolchain/arm/arm-gnu-toolchain/bin/../lib/gcc/arm-none-eabi/6.3.1/../../../../arm-none-eabi/lib/thumb/v7e-m\libc.a(lib_a-lock.o)
__retarget_lock_init_recursive                    c:/program files (x86)/atmel/studio/7.0/toolchain/arm/arm-gnu-toolchain/bin/../lib/gcc/arm-none-eabi/6.3.1/../../../../arm-none-eabi/lib/thumb/v7e-m\libc.a(lib_a-lock.o)
__retarget_lock_release                           c:/program files (x86)/atmel/studio/7.0/toolchain/arm/arm-gnu-toolchain/bin/../lib/gcc/arm-none-eabi/6.3.1/../../../../arm-none-eabi/lib/thumb/v7e-m\libc.a(lib_a-lock.o)
__retarget_lock_release_recursive                 c:/program files (x86)/atmel/studio/7.0/toolchain/arm/arm-gnu-toolchain/bin/../lib/gcc/arm-none-eabi/6.3.1/../../../../arm-none-eabi/lib/thumb/v7e-m\libc.a(lib_a-lock.o)
                                                  c:/program files (x86)/atmel/studio/7.0/toolchain/arm/arm-gnu-toolchain/bin/../lib/gcc/arm-none-eabi/6.3.1/../../../../arm-none-eabi/lib/thumb/v7e-m\libc.a(lib_a-__atexit.o)
                                                  c:/program files (x86)/atmel/studio/7.0/toolchain/arm/arm-gnu-toolchain/bin/../lib/gcc/arm-none-eabi/6.3.1/../../../../arm-none-eabi/lib/thumb/v7e-m\libc.a(lib_a-__call_atexit.o)
__retarget_lock_try_acquire                       c:/program files (x86)/atmel/studio/7.0/toolchain/arm/arm-gnu-toolchain/bin/../lib/gcc/arm-none-eabi/6.3.1/../../../../arm-none-eabi/lib/thumb/v7e-m\libc.a(lib_a-lock.o)
__retarget_lock_try_acquire_recursive             c:/program files (x86)/atmel/studio/7.0/toolchain/arm/arm-gnu-toolchain/bin/../lib/gcc/arm-none-eabi/6.3.1/../../../../arm-none-eabi/lib/thumb/v7e-m\libc.a(lib_a-lock.o)
__stack                                           c:/program files (x86)/atmel/studio/7.0/toolchain/arm/arm-gnu-toolchain/bin/../lib/gcc/arm-none-eabi/6.3.1/../../../../arm-none-eabi/lib/thumb/v7e-m/crt0.o
_close                                            src/ASF/sam/utils/syscalls/gcc/syscalls.o
_end                                              src/ASF/sam/utils/syscalls/gcc/syscalls.o
_erelocate                                        src/ASF/sam/utils/cmsis/sam4e/source/templates/gcc/startup_sam4e.o
_estack                                           src/ASF/sam/utils/cmsis/sam4e/source/templates/gcc/startup_sam4e.o
_etext                                            src/ASF/sam/utils/cmsis/sam4e/source/templates/gcc/startup_sam4e.o
_exit                                             src/ASF/sam/utils/syscalls/gcc/syscalls.o
                                                  c:/program files (x86)/atmel/studio/7.0/toolchain/arm/arm-gnu-toolchain/bin/../lib/gcc/arm-none-eabi/6.3.1/../../../../arm-none-eabi/lib/thumb/v7e-m\libc.a(lib_a-exit.o)
_ezero                                            src/ASF/sam/utils/cmsis/sam4e/source/templates/gcc/startup_sam4e.o
_fini                                             c:/program files (x86)/atmel/studio/7.0/toolchain/arm/arm-gnu-toolchain/bin/../lib/gcc/arm-none-eabi/6.3.1/thumb/v7e-m/crti.o
                                                  c:/program files (x86)/atmel/studio/7.0/toolchain/arm/arm-gnu-toolchain/bin/../lib/gcc/arm-none-eabi/6.3.1/../../../../arm-none-eabi/lib/thumb/v7e-m\libc.a(lib_a-fini.o)
_fstat                                            src/ASF/sam/utils/syscalls/gcc/syscalls.o
_getpid                                           src/ASF/sam/utils/syscalls/gcc/syscalls.o
_global_impure_ptr                                c:/program files (x86)/atmel/studio/7.0/toolchain/arm/arm-gnu-toolchain/bin/../lib/gcc/arm-none-eabi/6.3.1/../../../../arm-none-eabi/lib/thumb/v7e-m\libc.a(lib_a-impure.o)
                                                  c:/program files (x86)/atmel/studio/7.0/toolchain/arm/arm-gnu-toolchain/bin/../lib/gcc/arm-none-eabi/6.3.1/../../../../arm-none-eabi/lib/thumb/v7e-m\libc.a(lib_a-__atexit.o)
                                                  c:/program files (x86)/atmel/studio/7.0/toolchain/arm/arm-gnu-toolchain/bin/../lib/gcc/arm-none-eabi/6.3.1/../../../../arm-none-eabi/lib/thumb/v7e-m\libc.a(lib_a-__call_atexit.o)
                                                  c:/program files (x86)/atmel/studio/7.0/toolchain/arm/arm-gnu-toolchain/bin/../lib/gcc/arm-none-eabi/6.3.1/../../../../arm-none-eabi/lib/thumb/v7e-m\libc.a(lib_a-exit.o)
_impure_ptr                                       c:/program files (x86)/atmel/studio/7.0/toolchain/arm/arm-gnu-toolchain/bin/../lib/gcc/arm-none-eabi/6.3.1/../../../../arm-none-eabi/lib/thumb/v7e-m\libc.a(lib_a-impure.o)
_init                                             c:/program files (x86)/atmel/studio/7.0/toolchain/arm/arm-gnu-toolchain/bin/../lib/gcc/arm-none-eabi/6.3.1/thumb/v7e-m/crti.o
                                                  c:/program files (x86)/atmel/studio/7.0/toolchain/arm/arm-gnu-toolchain/bin/../lib/gcc/arm-none-eabi/6.3.1/../../../../arm-none-eabi/lib/thumb/v7e-m\libc.a(lib_a-init.o)
_isatty                                           src/ASF/sam/utils/syscalls/gcc/syscalls.o
_kill                                             src/ASF/sam/utils/syscalls/gcc/syscalls.o
_lseek                                            src/ASF/sam/utils/syscalls/gcc/syscalls.o
_mainCRTStartup                                   c:/program files (x86)/atmel/studio/7.0/toolchain/arm/arm-gnu-toolchain/bin/../lib/gcc/arm-none-eabi/6.3.1/../../../../arm-none-eabi/lib/thumb/v7e-m/crt0.o
_read                                             src/ASF/common/utils/stdio/read.o
_sbrk                                             src/ASF/sam/utils/syscalls/gcc/syscalls.o
_sfixed                                           src/ASF/sam/utils/cmsis/sam4e/source/templates/gcc/startup_sam4e.o
_srelocate                                        src/ASF/sam/utils/cmsis/sam4e/source/templates/gcc/startup_sam4e.o
_start                                            c:/program files (x86)/atmel/studio/7.0/toolchain/arm/arm-gnu-toolchain/bin/../lib/gcc/arm-none-eabi/6.3.1/../../../../arm-none-eabi/lib/thumb/v7e-m/crt0.o
_szero                                            src/ASF/sam/utils/cmsis/sam4e/source/templates/gcc/startup_sam4e.o
_write                                            src/ASF/common/utils/stdio/write.o
atexit                                            c:/program files (x86)/atmel/studio/7.0/toolchain/arm/arm-gnu-toolchain/bin/../lib/gcc/arm-none-eabi/6.3.1/../../../../arm-none-eabi/lib/thumb/v7e-m\libc.a(lib_a-atexit.o)
                                                  c:/program files (x86)/atmel/studio/7.0/toolchain/arm/arm-gnu-toolchain/bin/../lib/gcc/arm-none-eabi/6.3.1/../../../../arm-none-eabi/lib/thumb/v7e-m\libc.a(lib_a-__call_atexit.o)
                                                  c:/program files (x86)/atmel/studio/7.0/toolchain/arm/arm-gnu-toolchain/bin/../lib/gcc/arm-none-eabi/6.3.1/../../../../arm-none-eabi/lib/thumb/v7e-m/crt0.o
board_init                                        src/ASF/sam/boards/sam4e_xplained_pro/init.o
                                                  src/main.o
can_bit_time                                      src/ASF/sam/drivers/can/can.o
can_disable                                       src/ASF/sam/drivers/can/can.o
can_disable_autobaud_listen_mode                  src/ASF/sam/drivers/can/can.o
can_disable_interrupt                             src/ASF/sam/drivers/can/can.o
can_disable_low_power_mode                        src/ASF/sam/drivers/can/can.o
can_disable_overload_frame                        src/ASF/sam/drivers/can/can.o
can_disable_time_triggered_mode                   src/ASF/sam/drivers/can/can.o
can_disable_timer_freeze                          src/ASF/sam/drivers/can/can.o
can_disable_tx_repeat                             src/ASF/sam/drivers/can/can.o
can_enable                                        src/ASF/sam/drivers/can/can.o
can_enable_autobaud_listen_mode                   src/ASF/sam/drivers/can/can.o
can_enable_interrupt                              src/ASF/sam/drivers/can/can.o
can_enable_low_power_mode                         src/ASF/sam/drivers/can/can.o
can_enable_overload_frame                         src/ASF/sam/drivers/can/can.o
can_enable_time_triggered_mode                    src/ASF/sam/drivers/can/can.o
can_enable_timer_freeze                           src/ASF/sam/drivers/can/can.o
can_enable_tx_repeat                              src/ASF/sam/drivers/can/can.o
can_get_internal_timer_value                      src/ASF/sam/drivers/can/can.o
can_get_interrupt_mask                            src/ASF/sam/drivers/can/can.o
can_get_rx_error_cnt                              src/ASF/sam/drivers/can/can.o
can_get_status                                    src/ASF/sam/drivers/can/can.o
can_get_timestamp_value                           src/ASF/sam/drivers/can/can.o
can_get_tx_error_cnt                              src/ASF/sam/drivers/can/can.o
can_global_send_abort_cmd                         src/ASF/sam/drivers/can/can.o
can_global_send_transfer_cmd                      src/ASF/sam/drivers/can/can.o
can_init                                          src/ASF/sam/drivers/can/can.o
can_mailbox_get_status                            src/ASF/sam/drivers/can/can.o
can_mailbox_init                                  src/ASF/sam/drivers/can/can.o
can_mailbox_read                                  src/ASF/sam/drivers/can/can.o
can_mailbox_send_abort_cmd                        src/ASF/sam/drivers/can/can.o
can_mailbox_send_transfer_cmd                     src/ASF/sam/drivers/can/can.o
can_mailbox_set_timemark                          src/ASF/sam/drivers/can/can.o
can_mailbox_tx_remote_frame                       src/ASF/sam/drivers/can/can.o
can_mailbox_write                                 src/ASF/sam/drivers/can/can.o
can_reset_all_mailbox                             src/ASF/sam/drivers/can/can.o
can_reset_internal_timer                          src/ASF/sam/drivers/can/can.o
can_set_timestamp_capture_point                   src/ASF/sam/drivers/can/can.o
cpu_irq_enter_critical                            src/ASF/common/utils/interrupt/interrupt_sam_nvic.o
cpu_irq_leave_critical                            src/ASF/common/utils/interrupt/interrupt_sam_nvic.o
exception_table                                   src/ASF/sam/utils/cmsis/sam4e/source/templates/gcc/startup_sam4e.o
exit                                              c:/program files (x86)/atmel/studio/7.0/toolchain/arm/arm-gnu-toolchain/bin/../lib/gcc/arm-none-eabi/6.3.1/../../../../arm-none-eabi/lib/thumb/v7e-m\libc.a(lib_a-exit.o)
                                                  c:/program files (x86)/atmel/studio/7.0/toolchain/arm/arm-gnu-toolchain/bin/../lib/gcc/arm-none-eabi/6.3.1/../../../../arm-none-eabi/lib/thumb/v7e-m/crt0.o
free                                              c:/program files (x86)/atmel/studio/7.0/toolchain/arm/arm-gnu-toolchain/bin/../lib/gcc/arm-none-eabi/6.3.1/../../../../arm-none-eabi/lib/thumb/v7e-m\libc.a(lib_a-__call_atexit.o)
g_interrupt_enabled                               src/ASF/common/utils/interrupt/interrupt_sam_nvic.o
                                                  src/ASF/sam/utils/cmsis/sam4e/source/templates/gcc/startup_sam4e.o
                                                  src/ASF/sam/drivers/pmc/sleep.o
                                                  src/ASF/sam/drivers/udp/udp_device.o
                                                  src/ASF/common/services/usb/class/cdc/device/udi_cdc.o
hardware_init_hook                                c:/program files (x86)/atmel/studio/7.0/toolchain/arm/arm-gnu-toolchain/bin/../lib/gcc/arm-none-eabi/6.3.1/../../../../arm-none-eabi/lib/thumb/v7e-m/crt0.o
link                                              src/ASF/sam/utils/syscalls/gcc/syscalls.o
main                                              src/main.o
                                                  src/ASF/sam/utils/cmsis/sam4e/source/templates/gcc/startup_sam4e.o
                                                  c:/program files (x86)/atmel/studio/7.0/toolchain/arm/arm-gnu-toolchain/bin/../lib/gcc/arm-none-eabi/6.3.1/../../../../arm-none-eabi/lib/thumb/v7e-m/crt0.o
malloc                                            c:/program files (x86)/atmel/studio/7.0/toolchain/arm/arm-gnu-toolchain/bin/../lib/gcc/arm-none-eabi/6.3.1/../../../../arm-none-eabi/lib/thumb/v7e-m\libc.a(lib_a-__atexit.o)
matrix_get_master_burst_type                      src/ASF/sam/drivers/matrix/matrix.o
matrix_get_master_remap                           src/ASF/sam/drivers/matrix/matrix.o
matrix_get_nandflash_cs                           src/ASF/sam/drivers/matrix/matrix.o
matrix_get_slave_default_master_type              src/ASF/sam/drivers/matrix/matrix.o
matrix_get_slave_fixed_default_master             src/ASF/sam/drivers/matrix/matrix.o
matrix_get_slave_priority                         src/ASF/sam/drivers/matrix/matrix.o
matrix_get_slave_slot_cycle                       src/ASF/sam/drivers/matrix/matrix.o
matrix_get_system_io                              src/ASF/sam/drivers/matrix/matrix.o
matrix_get_writeprotect_status                    src/ASF/sam/drivers/matrix/matrix.o
matrix_set_master_burst_type                      src/ASF/sam/drivers/matrix/matrix.o
matrix_set_master_remap                           src/ASF/sam/drivers/matrix/matrix.o
matrix_set_nandflash_cs                           src/ASF/sam/drivers/matrix/matrix.o
matrix_set_slave_default_master_type              src/ASF/sam/drivers/matrix/matrix.o
matrix_set_slave_fixed_default_master             src/ASF/sam/drivers/matrix/matrix.o